Archive member included to satisfy reference by file (symbol)

C:/ST/STM32CubeIDE_1.18.1/STM32CubeIDE/plugins/com.st.stm32cube.ide.mcu.externaltools.gnu-tools-for-stm32.13.3.rel1.win32_1.0.0.202411081344/tools/bin/../lib/gcc/arm-none-eabi/13.3.1/../../../../arm-none-eabi/lib/thumb/v7e-m+dp/hard\libc_nano.a(libc_a-exit.o)
                              C:/ST/STM32CubeIDE_1.18.1/STM32CubeIDE/plugins/com.st.stm32cube.ide.mcu.externaltools.gnu-tools-for-stm32.13.3.rel1.win32_1.0.0.202411081344/tools/bin/../lib/gcc/arm-none-eabi/13.3.1/../../../../arm-none-eabi/lib/thumb/v7e-m+dp/hard/crt0.o (exit)
C:/ST/STM32CubeIDE_1.18.1/STM32CubeIDE/plugins/com.st.stm32cube.ide.mcu.externaltools.gnu-tools-for-stm32.13.3.rel1.win32_1.0.0.202411081344/tools/bin/../lib/gcc/arm-none-eabi/13.3.1/../../../../arm-none-eabi/lib/thumb/v7e-m+dp/hard\libc_nano.a(libc_a-findfp.o)
                              C:/ST/STM32CubeIDE_1.18.1/STM32CubeIDE/plugins/com.st.stm32cube.ide.mcu.externaltools.gnu-tools-for-stm32.13.3.rel1.win32_1.0.0.202411081344/tools/bin/../lib/gcc/arm-none-eabi/13.3.1/../../../../arm-none-eabi/lib/thumb/v7e-m+dp/hard\libc_nano.a(libc_a-exit.o) (__stdio_exit_handler)
C:/ST/STM32CubeIDE_1.18.1/STM32CubeIDE/plugins/com.st.stm32cube.ide.mcu.externaltools.gnu-tools-for-stm32.13.3.rel1.win32_1.0.0.202411081344/tools/bin/../lib/gcc/arm-none-eabi/13.3.1/../../../../arm-none-eabi/lib/thumb/v7e-m+dp/hard\libc_nano.a(libc_a-fwalk.o)
                              C:/ST/STM32CubeIDE_1.18.1/STM32CubeIDE/plugins/com.st.stm32cube.ide.mcu.externaltools.gnu-tools-for-stm32.13.3.rel1.win32_1.0.0.202411081344/tools/bin/../lib/gcc/arm-none-eabi/13.3.1/../../../../arm-none-eabi/lib/thumb/v7e-m+dp/hard\libc_nano.a(libc_a-findfp.o) (_fwalk_sglue)
C:/ST/STM32CubeIDE_1.18.1/STM32CubeIDE/plugins/com.st.stm32cube.ide.mcu.externaltools.gnu-tools-for-stm32.13.3.rel1.win32_1.0.0.202411081344/tools/bin/../lib/gcc/arm-none-eabi/13.3.1/../../../../arm-none-eabi/lib/thumb/v7e-m+dp/hard\libc_nano.a(libc_a-printf.o)
                              ./Core/Src/VL53L5CX_LIB.o (printf)
C:/ST/STM32CubeIDE_1.18.1/STM32CubeIDE/plugins/com.st.stm32cube.ide.mcu.externaltools.gnu-tools-for-stm32.13.3.rel1.win32_1.0.0.202411081344/tools/bin/../lib/gcc/arm-none-eabi/13.3.1/../../../../arm-none-eabi/lib/thumb/v7e-m+dp/hard\libc_nano.a(libc_a-puts.o)
                              ./Core/Src/VL53L5CX_LIB.o (puts)
C:/ST/STM32CubeIDE_1.18.1/STM32CubeIDE/plugins/com.st.stm32cube.ide.mcu.externaltools.gnu-tools-for-stm32.13.3.rel1.win32_1.0.0.202411081344/tools/bin/../lib/gcc/arm-none-eabi/13.3.1/../../../../arm-none-eabi/lib/thumb/v7e-m+dp/hard\libc_nano.a(libc_a-stdio.o)
                              C:/ST/STM32CubeIDE_1.18.1/STM32CubeIDE/plugins/com.st.stm32cube.ide.mcu.externaltools.gnu-tools-for-stm32.13.3.rel1.win32_1.0.0.202411081344/tools/bin/../lib/gcc/arm-none-eabi/13.3.1/../../../../arm-none-eabi/lib/thumb/v7e-m+dp/hard\libc_nano.a(libc_a-findfp.o) (__sread)
C:/ST/STM32CubeIDE_1.18.1/STM32CubeIDE/plugins/com.st.stm32cube.ide.mcu.externaltools.gnu-tools-for-stm32.13.3.rel1.win32_1.0.0.202411081344/tools/bin/../lib/gcc/arm-none-eabi/13.3.1/../../../../arm-none-eabi/lib/thumb/v7e-m+dp/hard\libc_nano.a(libc_a-wbuf.o)
                              C:/ST/STM32CubeIDE_1.18.1/STM32CubeIDE/plugins/com.st.stm32cube.ide.mcu.externaltools.gnu-tools-for-stm32.13.3.rel1.win32_1.0.0.202411081344/tools/bin/../lib/gcc/arm-none-eabi/13.3.1/../../../../arm-none-eabi/lib/thumb/v7e-m+dp/hard\libc_nano.a(libc_a-puts.o) (__swbuf_r)
C:/ST/STM32CubeIDE_1.18.1/STM32CubeIDE/plugins/com.st.stm32cube.ide.mcu.externaltools.gnu-tools-for-stm32.13.3.rel1.win32_1.0.0.202411081344/tools/bin/../lib/gcc/arm-none-eabi/13.3.1/../../../../arm-none-eabi/lib/thumb/v7e-m+dp/hard\libc_nano.a(libc_a-wsetup.o)
                              C:/ST/STM32CubeIDE_1.18.1/STM32CubeIDE/plugins/com.st.stm32cube.ide.mcu.externaltools.gnu-tools-for-stm32.13.3.rel1.win32_1.0.0.202411081344/tools/bin/../lib/gcc/arm-none-eabi/13.3.1/../../../../arm-none-eabi/lib/thumb/v7e-m+dp/hard\libc_nano.a(libc_a-puts.o) (__swsetup_r)
C:/ST/STM32CubeIDE_1.18.1/STM32CubeIDE/plugins/com.st.stm32cube.ide.mcu.externaltools.gnu-tools-for-stm32.13.3.rel1.win32_1.0.0.202411081344/tools/bin/../lib/gcc/arm-none-eabi/13.3.1/../../../../arm-none-eabi/lib/thumb/v7e-m+dp/hard\libc_nano.a(libc_a-memset.o)
                              C:/ST/STM32CubeIDE_1.18.1/STM32CubeIDE/plugins/com.st.stm32cube.ide.mcu.externaltools.gnu-tools-for-stm32.13.3.rel1.win32_1.0.0.202411081344/tools/bin/../lib/gcc/arm-none-eabi/13.3.1/../../../../arm-none-eabi/lib/thumb/v7e-m+dp/hard/crt0.o (memset)
C:/ST/STM32CubeIDE_1.18.1/STM32CubeIDE/plugins/com.st.stm32cube.ide.mcu.externaltools.gnu-tools-for-stm32.13.3.rel1.win32_1.0.0.202411081344/tools/bin/../lib/gcc/arm-none-eabi/13.3.1/../../../../arm-none-eabi/lib/thumb/v7e-m+dp/hard\libc_nano.a(libc_a-closer.o)
[...]
Memory Configuration

Name             Origin             Length             Attributes
FLASH            0x08000000         0x00200000         xr
DTCMRAM          0x20000000         0x00020000         xrw
RAM_D1           0x24000000         0x00080000         xrw
RAM_D2           0x30000000         0x00048000         xrw
RAM_D3           0x38000000         0x00010000         xrw
ITCMRAM          0x00000000         0x00010000         xrw
*default*        0x00000000         0xffffffff

Linker script and memory map

LOAD C:/ST/STM32CubeIDE_1.18.1/STM32CubeIDE/plugins/com.st.stm32cube.ide.mcu.externaltools.gnu-tools-for-stm32.13.3.rel1.win32_1.0.0.202411081344/tools/bin/../lib/gcc/arm-none-eabi/13.3.1/thumb/v7e-m+dp/hard/crti.o
LOAD C:/ST/STM32CubeIDE_1.18.1/STM32CubeIDE/plugins/com.st.stm32cube.ide.mcu.externaltools.gnu-tools-for-stm32.13.3.rel1.win32_1.0.0.202411081344/tools/bin/../lib/gcc/arm-none-eabi/13.3.1/thumb/v7e-m+dp/hard/crtbegin.o
LOAD C:/ST/STM32CubeIDE_1.18.1/STM32CubeIDE/plugins/com.st.stm32cube.ide.mcu.externaltools.gnu-tools-for-stm32.13.3.rel1.win32_1.0.0.202411081344/tools/bin/../lib/gcc/arm-none-eabi/13.3.1/../../../../arm-none-eabi/lib/thumb/v7e-m+dp/hard/crt0.o
LOAD ./Core/Src/VL53L5CX_LIB.o
LOAD ./Core/Src/main.o
LOAD ./Core/Src/stm32h7xx_hal_msp.o
LOAD ./Core/Src/stm32h7xx_it.o
LOAD ./Core/Src/stm32h7xx_nucleo_bus.o
LOAD ./Core/Src/syscalls.o
LOAD ./Core/Src/sysmem.o
LOAD ./Core/Src/system_stm32h7xx.o
LOAD ./Core/Startup/startup_stm32h753zitx.o
LOAD ./Drivers/BSP/Components/vl53l5cx/modules/vl53l5cx_api.o
LOAD ./Drivers/BSP/Components/vl53l5cx/modules/vl53l5cx_plugin_detection_thresholds.o
LOAD ./Drivers/BSP/Components/vl53l5cx/modules/vl53l5cx_plugin_motion_indicator.o
LOAD ./Drivers/BSP/Components/vl53l5cx/modules/vl53l5cx_plugin_xtalk.o
LOAD ./Drivers/BSP/Components/vl53l5cx/porting/platform.o
LOAD ./Drivers/BSP/Components/vl53l5cx/vl53l5cx.o
LOAD ./Drivers/BSP/STM32H7xx_Nucleo/stm32h7xx_nucleo.o
LOAD ./Drivers/STM32H7xx_HAL_Driver/Src/stm32h7xx_hal.o
LOAD ./Drivers/STM32H7xx_HAL_Driver/Src/stm32h7xx_hal_cortex.o
LOAD ./Drivers/STM32H7xx_HAL_Driver/Src/stm32h7xx_hal_dma.o
LOAD ./Drivers/STM32H7xx_HAL_Driver/Src/stm32h7xx_hal_dma_ex.o
LOAD ./Drivers/STM32H7xx_HAL_Driver/Src/stm32h7xx_hal_exti.o
LOAD ./Drivers/STM32H7xx_HAL_Driver/Src/stm32h7xx_hal_flash.o
LOAD ./Drivers/STM32H7xx_HAL_Driver/Src/stm32h7xx_hal_flash_ex.o
LOAD ./Drivers/STM32H7xx_HAL_Driver/Src/stm32h7xx_hal_gpio.o
LOAD ./Drivers/STM32H7xx_HAL_Driver/Src/stm32h7xx_hal_hsem.o
LOAD ./Drivers/STM32H7xx_HAL_Driver/Src/stm32h7xx_hal_i2c.o
LOAD ./Drivers/STM32H7xx_HAL_Driver/Src/stm32h7xx_hal_i2c_ex.o
LOAD ./Drivers/STM32H7xx_HAL_Driver/Src/stm32h7xx_hal_mdma.o
LOAD ./Drivers/STM32H7xx_HAL_Driver/Src/stm32h7xx_hal_pwr.o
LOAD ./Drivers/STM32H7xx_HAL_Driver/Src/stm32h7xx_hal_pwr_ex.o
LOAD ./Drivers/STM32H7xx_HAL_Driver/Src/stm32h7xx_hal_rcc.o
LOAD ./Drivers/STM32H7xx_HAL_Driver/Src/stm32h7xx_hal_rcc_ex.o
LOAD ./Drivers/STM32H7xx_HAL_Driver/Src/stm32h7xx_hal_tim.o
LOAD ./Drivers/STM32H7xx_HAL_Driver/Src/stm32h7xx_hal_tim_ex.o
LOAD ./Drivers/STM32H7xx_HAL_Driver/Src/stm32h7xx_hal_uart.o
LOAD ./Drivers/STM32H7xx_HAL_Driver/Src/stm32h7xx_hal_uart_ex.o
LOAD ./Drivers/STM32H7xx_HAL_Driver/Src/stm32h7xx_hal_usart.o
LOAD ./Drivers/STM32H7xx_HAL_Driver/Src/stm32h7xx_hal_usart_ex.o
LOAD ./X-CUBE-TOF1/Target/custom_ranging_sensor.o
START GROUP
LOAD C:/ST/STM32CubeIDE_1.18.1/STM32CubeIDE/plugins/com.st.stm32cube.ide.mcu.externaltools.gnu-tools-for-stm32.13.3.rel1.win32_1.0.0.202411081344/tools/bin/../lib/gcc/arm-none-eabi/13.3.1/../../../../arm-none-eabi/lib/thumb/v7e-m+dp/hard\libc_nano.a
LOAD C:/ST/STM32CubeIDE_1.18.1/STM32CubeIDE/plugins/com.st.stm32cube.ide.mcu.externaltools.gnu-tools-for-stm32.13.3.rel1.win32_1.0.0.202411081344/tools/bin/../lib/gcc/arm-none-eabi/13.3.1/../../../../arm-none-eabi/lib/thumb/v7e-m+dp/hard\libm.a
END GROUP
START GROUP
LOAD C:/ST/STM32CubeIDE_1.18.1/STM32CubeIDE/plugins/com.st.stm32cube.ide.mcu.externaltools.gnu-tools-for-stm32.13.3.rel1.win32_1.0.0.202411081344/tools/bin/../lib/gcc/arm-none-eabi/13.3.1/thumb/v7e-m+dp/hard\libgcc.a
LOAD C:/ST/STM32CubeIDE_1.18.1/STM32CubeIDE/plugins/com.st.stm32cube.ide.mcu.externaltools.gnu-tools-for-stm32.13.3.rel1.win32_1.0.0.202411081344/tools/bin/../lib/gcc/arm-none-eabi/13.3.1/../../../../arm-none-eabi/lib/thumb/v7e-m+dp/hard\libc_nano.a
END GROUP
START GROUP
LOAD C:/ST/STM32CubeIDE_1.18.1/STM32CubeIDE/plugins/com.st.stm32cube.ide.mcu.externaltools.gnu-tools-for-stm32.13.3.rel1.win32_1.0.0.202411081344/tools/bin/../lib/gcc/arm-none-eabi/13.3.1/thumb/v7e-m+dp/hard\libgcc.a
LOAD C:/ST/STM32CubeIDE_1.18.1/STM32CubeIDE/plugins/com.st.stm32cube.ide.mcu.externaltools.gnu-tools-for-stm32.13.3.rel1.win32_1.0.0.202411081344/tools/bin/../lib/gcc/arm-none-eabi/13.3.1/../../../../arm-none-eabi/lib/thumb/v7e-m+dp/hard\libc_nano.a
LOAD C:/ST/STM32CubeIDE_1.18.1/STM32CubeIDE/plugins/com.st.stm32cube.ide.mcu.externaltools.gnu-tools-for-stm32.13.3.rel1.win32_1.0.0.202411081344/tools/bin/../lib/gcc/arm-none-eabi/13.3.1/../../../../arm-none-eabi/lib/thumb/v7e-m+dp/hard\libnosys.a
END GROUP
START GROUP
LOAD C:/ST/STM32CubeIDE_1.18.1/STM32CubeIDE/plugins/com.st.stm32cube.ide.mcu.externaltools.gnu-tools-for-stm32.13.3.rel1.win32_1.0.0.202411081344/tools/bin/../lib/gcc/arm-none-eabi/13.3.1/thumb/v7e-m+dp/hard\libgcc.a
LOAD C:/ST/STM32CubeIDE_1.18.1/STM32CubeIDE/plugins/com.st.stm32cube.ide.mcu.externaltools.gnu-tools-for-stm32.13.3.rel1.win32_1.0.0.202411081344/tools/bin/../lib/gcc/arm-none-eabi/13.3.1/../../../../arm-none-eabi/lib/thumb/v7e-m+dp/hard\libc_nano.a
LOAD C:/ST/STM32CubeIDE_1.18.1/STM32CubeIDE/plugins/com.st.stm32cube.ide.mcu.externaltools.gnu-tools-for-stm32.13.3.rel1.win32_1.0.0.202411081344/tools/bin/../lib/gcc/arm-none-eabi/13.3.1/../../../../arm-none-eabi/lib/thumb/v7e-m+dp/hard\libnosys.a
END GROUP
LOAD C:/ST/STM32CubeIDE_1.18.1/STM32CubeIDE/plugins/com.st.stm32cube.ide.mcu.externaltools.gnu-tools-for-stm32.13.3.rel1.win32_1.0.0.202411081344/tools/bin/../lib/gcc/arm-none-eabi/13.3.1/thumb/v7e-m+dp/hard/crtend.o
LOAD C:/ST/STM32CubeIDE_1.18.1/STM32CubeIDE/plugins/com.st.stm32cube.ide.mcu.externaltools.gnu-tools-for-stm32.13.3.rel1.win32_1.0.0.202411081344/tools/bin/../lib/gcc/arm-none-eabi/13.3.1/thumb/v7e-m+dp/hard/crtn.o
                0x24080000                        _estack = (ORIGIN (RAM_D1) + LENGTH (RAM_D1))
                0x00000200                        _Min_Heap_Size = 0x200
                0x00000400                        _Min_Stack_Size = 0x400

.isr_vector     0x08000000      0x298
                0x08000000                        . = ALIGN (0x4)
 *(.isr_vector)
 .isr_vector    0x08000000      0x298 ./Core/Startup/startup_stm32h753zitx.o
                0x08000000                g_pfnVectors
                0x08000298                        . = ALIGN (0x4)

.text           0x080002a0     0xb554
                0x080002a0                        . = ALIGN (0x4)
 *(.text)
 .text          0x080002a0       0x40 C:/ST/STM32CubeIDE_1.18.1/STM32CubeIDE/plugins/com.st.stm32cube.ide.mcu.externaltools.gnu-tools-for-stm32.13.3.rel1.win32_1.0.0.202411081344/tools/bin/../lib/gcc/arm-none-eabi/13.3.1/thumb/v7e-m+dp/hard/crtbegin.o
 .text          0x080002e0       0xa0 C:/ST/STM32CubeIDE_1.18.1/STM32CubeIDE/plugins/com.st.stm32cube.ide.mcu.externaltools.gnu-tools-for-stm32.13.3.rel1.win32_1.0.0.202411081344/tools/bin/../lib/gcc/arm-none-eabi/13.3.1/../../../../arm-none-eabi/lib/thumb/v7e-m+dp/hard\libc_nano.a(libc_a-memchr.o)
                0x080002e0                memchr
 .text          0x08000380       0x30 C:/ST/STM32CubeIDE_1.18.1/STM32CubeIDE/plugins/com.st.stm32cube.ide.mcu.externaltools.gnu-tools-for-stm32.13.3.rel1.win32_1.0.0.202411081344/tools/bin/../lib/gcc/arm-none-eabi/13.3.1/thumb/v7e-m+dp/hard\libgcc.a(_aeabi_uldivmod.o)
                0x08000380                __aeabi_uldivmod
 .text          0x080003b0      0x2f8 C:/ST/STM32CubeIDE_1.18.1/STM32CubeIDE/plugins/com.st.stm32cube.ide.mcu.externaltools.gnu-tools-for-stm32.13.3.rel1.win32_1.0.0.202411081344/tools/bin/../lib/gcc/arm-none-eabi/13.3.1/thumb/v7e-m+dp/hard\libgcc.a(_udivmoddi4.o)
                0x080003b0                __udivmoddi4
 .text          0x080006a8        0x4 C:/ST/STM32CubeIDE_1.18.1/STM32CubeIDE/plugins/com.st.stm32cube.ide.mcu.externaltools.gnu-tools-for-stm32.13.3.rel1.win32_1.0.0.202411081344/tools/bin/../lib/gcc/arm-none-eabi/13.3.1/thumb/v7e-m+dp/hard\libgcc.a(_dvmd_tls.o)
                0x080006a8                __aeabi_idiv0
                0x080006a8                __aeabi_ldiv0
 *(.text*)
 .text.VL53L5CX_Init_All
                0x080006ac      0x1b0 ./Core/Src/VL53L5CX_LIB.o
                0x080006ac                VL53L5CX_Init_All
 .text.VL53L5CX_GetResult
                0x0800085c       0x26 ./Core/Src/VL53L5CX_LIB.o
                0x0800085c                VL53L5CX_GetResult
 *fill*         0x08000882        0x2 
 .text.VL53L5CX_PrintMatrix
                0x08000884       0xb0 ./Core/Src/VL53L5CX_LIB.o
                0x08000884                VL53L5CX_PrintMatrix
 .text.prv_configure_ctrl_pins
                0x08000934       0x9c ./Core/Src/VL53L5CX_LIB.o
 .text.prv_powerup_sequence
                0x080009d0       0x50 ./Core/Src/VL53L5CX_LIB.o
 .text.prv_i2c_bus_recovery_pb8_pb9
                0x08000a20      0x128 ./Core/Src/VL53L5CX_LIB.o
 .text.prv_idx_from_rc
                0x08000b48       0x7c ./Core/Src/VL53L5CX_LIB.o
 .text.prv_print_matrix_numeric
                0x08000bc4       0xb8 ./Core/Src/VL53L5CX_LIB.o
 .text.prv_bg_for_cell
                0x08000c7c       0x4c ./Core/Src/VL53L5CX_LIB.o
 .text.prv_print_matrix_bgcolor
                0x08000cc8       0xdc ./Core/Src/VL53L5CX_LIB.o
 .text.main     0x08000da4       0x80 ./Core/Src/main.o
                0x08000da4                main
 .text.SystemClock_Config
                0x08000e24       0xd4 ./Core/Src/main.o
                0x08000e24                SystemClock_Config
 .text.MX_GPIO_Init
                0x08000ef8      0x1d8 ./Core/Src/main.o
 .text.MX_I2C1_Init
                0x080010d0       0x94 ./Core/Src/main.o
                0x080010d0                MX_I2C1_Init
 .text.HAL_I2C_MspInit
                0x08001164       0x94 ./Core/Src/main.o
                0x08001164                HAL_I2C_MspInit
 .text.HAL_I2C_MspDeInit
                0x080011f8       0x40 ./Core/Src/main.o
                0x080011f8                HAL_I2C_MspDeInit
 .text.Error_Handler
                0x08001238       0x18 ./Core/Src/main.o
                0x08001238                Error_Handler
 .text.HAL_MspInit
                0x08001250       0x34 ./Core/Src/stm32h7xx_hal_msp.o
                0x08001250                HAL_MspInit
 .text.NMI_Handler
                0x08001284        0x8 ./Core/Src/stm32h7xx_it.o
                0x08001284                NMI_Handler
 .text.HardFault_Handler
                0x0800128c        0x8 ./Core/Src/stm32h7xx_it.o
                0x0800128c                HardFault_Handler
 .text.MemManage_Handler
                0x08001294        0x8 ./Core/Src/stm32h7xx_it.o
                0x08001294                MemManage_Handler
 .text.BusFault_Handler
                0x0800129c        0x8 ./Core/Src/stm32h7xx_it.o
                0x0800129c                BusFault_Handler
 .text.UsageFault_Handler
                0x080012a4        0x8 ./Core/Src/stm32h7xx_it.o
                0x080012a4                UsageFault_Handler
 .text.SVC_Handler
                0x080012ac        0xe ./Core/Src/stm32h7xx_it.o
                0x080012ac                SVC_Handler
 .text.DebugMon_Handler
                0x080012ba        0xe ./Core/Src/stm32h7xx_it.o
                0x080012ba                DebugMon_Handler
 .text.PendSV_Handler
                0x080012c8        0xe ./Core/Src/stm32h7xx_it.o
                0x080012c8                PendSV_Handler
 .text.SysTick_Handler
                0x080012d6        0xc ./Core/Src/stm32h7xx_it.o
                0x080012d6                SysTick_Handler
 .text.EXTI15_10_IRQHandler
                0x080012e2        0xe ./Core/Src/stm32h7xx_it.o
                0x080012e2                EXTI15_10_IRQHandler
 .text.BSP_I2C1_Init
                0x080012f0       0x7c ./Core/Src/stm32h7xx_nucleo_bus.o
                0x080012f0                BSP_I2C1_Init
 .text.BSP_I2C1_DeInit
                0x0800136c       0x50 ./Core/Src/stm32h7xx_nucleo_bus.o
                0x0800136c                BSP_I2C1_DeInit
 .text.BSP_I2C1_WriteReg16
                0x080013bc       0x64 ./Core/Src/stm32h7xx_nucleo_bus.o
                0x080013bc                BSP_I2C1_WriteReg16
 .text.BSP_I2C1_ReadReg16
                0x08001420       0x64 ./Core/Src/stm32h7xx_nucleo_bus.o
                0x08001420                BSP_I2C1_ReadReg16
 .text.BSP_GetTick
                0x08001484        0xe ./Core/Src/stm32h7xx_nucleo_bus.o
                0x08001484                BSP_GetTick
 *fill*         0x08001492        0x2 
 .text.I2C1_MspInit
                0x08001494       0xd8 ./Core/Src/stm32h7xx_nucleo_bus.o
 .text.I2C1_MspDeInit
                0x0800156c       0x3c ./Core/Src/stm32h7xx_nucleo_bus.o
 .text._read    0x080015a8       0x3a ./Core/Src/syscalls.o
                0x080015a8                _read
 .text._write   0x080015e2       0x38 ./Core/Src/syscalls.o
                0x080015e2                _write
 .text._close   0x0800161a       0x18 ./Core/Src/syscalls.o
                0x0800161a                _close
 .text._fstat   0x08001632       0x20 ./Core/Src/syscalls.o
                0x08001632                _fstat
 .text._isatty  0x08001652       0x16 ./Core/Src/syscalls.o
                0x08001652                _isatty
 .text._lseek   0x08001668       0x1a ./Core/Src/syscalls.o
                0x08001668                _lseek
 *fill*         0x08001682        0x2 
 .text._sbrk    0x08001684       0x6c ./Core/Src/sysmem.o
                0x08001684                _sbrk
 .text.SystemInit
                0x080016f0      0x140 ./Core/Src/system_stm32h7xx.o
                0x080016f0                SystemInit
 .text.ExitRun0Mode
                0x08001830       0x30 ./Core/Src/system_stm32h7xx.o
                0x08001830                ExitRun0Mode
 .text.Reset_Handler
                0x08001860       0x54 ./Core/Startup/startup_stm32h753zitx.o
                0x08001860                Reset_Handler
 .text.Default_Handler
                0x080018b4        0x2 ./Core/Startup/startup_stm32h753zitx.o
                0x080018b4                RTC_Alarm_IRQHandler
                0x080018b4                HASH_RNG_IRQHandler
                0x080018b4                EXTI2_IRQHandler
                0x080018b4                TIM8_CC_IRQHandler
                0x080018b4                HRTIM1_Master_IRQHandler
                0x080018b4                UART8_IRQHandler
                0x080018b4                SPI4_IRQHandler
                0x080018b4                TIM1_CC_IRQHandler
                0x080018b4                BDMA_Channel6_IRQHandler
                0x080018b4                DMA2_Stream5_IRQHandler
                0x080018b4                HRTIM1_FLT_IRQHandler
                0x080018b4                JPEG_IRQHandler
                0x080018b4                DMA1_Stream5_IRQHandler
                0x080018b4                BDMA_Channel1_IRQHandler
                0x080018b4                HRTIM1_TIMD_IRQHandler
                0x080018b4                TAMP_STAMP_IRQHandler
                0x080018b4                EXTI3_IRQHandler
                0x080018b4                LPTIM4_IRQHandler
                0x080018b4                TIM8_TRG_COM_TIM14_IRQHandler
                0x080018b4                LPTIM2_IRQHandler
                0x080018b4                DFSDM1_FLT1_IRQHandler
                0x080018b4                DMAMUX2_OVR_IRQHandler
                0x080018b4                TIM8_UP_TIM13_IRQHandler
                0x080018b4                I2C3_ER_IRQHandler
                0x080018b4                DFSDM1_FLT2_IRQHandler
                0x080018b4                MDMA_IRQHandler
                0x080018b4                LPTIM3_IRQHandler
                0x080018b4                HSEM1_IRQHandler
                0x080018b4                EXTI0_IRQHandler
                0x080018b4                I2C2_EV_IRQHandler
                0x080018b4                DMA1_Stream2_IRQHandler
                0x080018b4                FPU_IRQHandler
                0x080018b4                OTG_HS_WKUP_IRQHandler
                0x080018b4                FDCAN1_IT1_IRQHandler
                0x080018b4                LTDC_ER_IRQHandler
                0x080018b4                DMA2_Stream2_IRQHandler
                0x080018b4                HRTIM1_TIME_IRQHandler
                0x080018b4                SPI1_IRQHandler
                0x080018b4                TIM6_DAC_IRQHandler
                0x080018b4                DCMI_IRQHandler
                0x080018b4                HRTIM1_TIMC_IRQHandler
                0x080018b4                DMA2_Stream3_IRQHandler
                0x080018b4                SAI2_IRQHandler
                0x080018b4                DFSDM1_FLT3_IRQHandler
                0x080018b4                USART6_IRQHandler
                0x080018b4                TIM17_IRQHandler
                0x080018b4                USART3_IRQHandler
                0x080018b4                BDMA_Channel7_IRQHandler
                0x080018b4                CRYP_IRQHandler
                0x080018b4                LPTIM5_IRQHandler
                0x080018b4                UART5_IRQHandler
                0x080018b4                ADC3_IRQHandler
                0x080018b4                DMA2_Stream0_IRQHandler
                0x080018b4                TIM4_IRQHandler
                0x080018b4                BDMA_Channel2_IRQHandler
                0x080018b4                QUADSPI_IRQHandler
                0x080018b4                I2C1_EV_IRQHandler
                0x080018b4                DMA1_Stream6_IRQHandler
                0x080018b4                DMAMUX1_OVR_IRQHandler
                0x080018b4                DMA1_Stream1_IRQHandler
                0x080018b4                TIM16_IRQHandler
                0x080018b4                UART4_IRQHandler
                0x080018b4                BDMA_Channel5_IRQHandler
                0x080018b4                TIM3_IRQHandler
                0x080018b4                RCC_IRQHandler
                0x080018b4                TIM8_BRK_TIM12_IRQHandler
                0x080018b4                TIM1_TRG_COM_IRQHandler
                0x080018b4                Default_Handler
                0x080018b4                ECC_IRQHandler
                0x080018b4                CEC_IRQHandler
                0x080018b4                BDMA_Channel0_IRQHandler
                0x080018b4                ADC_IRQHandler
                0x080018b4                DMA1_Stream7_IRQHandler
                0x080018b4                HRTIM1_TIMA_IRQHandler
                0x080018b4                SPI5_IRQHandler
                0x080018b4                TIM7_IRQHandler
                0x080018b4                SDMMC1_IRQHandler
                0x080018b4                TIM5_IRQHandler
                0x080018b4                DMA2_Stream7_IRQHandler
                0x080018b4                TIM15_IRQHandler
                0x080018b4                PVD_AVD_IRQHandler
                0x080018b4                I2C3_EV_IRQHandler
                0x080018b4                EXTI9_5_IRQHandler
                0x080018b4                RTC_WKUP_IRQHandler
                0x080018b4                LTDC_IRQHandler
                0x080018b4                SAI3_IRQHandler
                0x080018b4                ETH_WKUP_IRQHandler
                0x080018b4                SPDIF_RX_IRQHandler
                0x080018b4                SPI2_IRQHandler
                0x080018b4                OTG_HS_EP1_IN_IRQHandler
                0x080018b4                DMA1_Stream0_IRQHandler
                0x080018b4                CRS_IRQHandler
                0x080018b4                EXTI4_IRQHandler
                0x080018b4                HRTIM1_TIMB_IRQHandler
                0x080018b4                FDCAN2_IT1_IRQHandler
                0x080018b4                ETH_IRQHandler
                0x080018b4                TIM1_UP_IRQHandler
                0x080018b4                BDMA_Channel4_IRQHandler
                0x080018b4                OTG_HS_EP1_OUT_IRQHandler
                0x080018b4                WWDG_IRQHandler
                0x080018b4                SPI6_IRQHandler
                0x080018b4                MDIOS_IRQHandler
                0x080018b4                I2C4_EV_IRQHandler
                0x080018b4                FDCAN2_IT0_IRQHandler
                0x080018b4                LPUART1_IRQHandler
                0x080018b4                FDCAN1_IT0_IRQHandler
                0x080018b4                TIM2_IRQHandler
                0x080018b4                OTG_FS_WKUP_IRQHandler
                0x080018b4                OTG_HS_IRQHandler
                0x080018b4                DMA2D_IRQHandler
                0x080018b4                TIM1_BRK_IRQHandler
                0x080018b4                EXTI1_IRQHandler
                0x080018b4                SDMMC2_IRQHandler
                0x080018b4                OTG_FS_EP1_OUT_IRQHandler
                0x080018b4                BDMA_Channel3_IRQHandler
                0x080018b4                UART7_IRQHandler
                0x080018b4                MDIOS_WKUP_IRQHandler
                0x080018b4                USART2_IRQHandler
                0x080018b4                DFSDM1_FLT0_IRQHandler
                0x080018b4                SAI4_IRQHandler
                0x080018b4                I2C2_ER_IRQHandler
                0x080018b4                DMA2_Stream1_IRQHandler
                0x080018b4                FLASH_IRQHandler
                0x080018b4                DMA2_Stream4_IRQHandler
                0x080018b4                USART1_IRQHandler
                0x080018b4                OTG_FS_IRQHandler
                0x080018b4                SPI3_IRQHandler
                0x080018b4                WAKEUP_PIN_IRQHandler
                0x080018b4                DMA1_Stream4_IRQHandler
                0x080018b4                OTG_FS_EP1_IN_IRQHandler
                0x080018b4                I2C1_ER_IRQHandler
                0x080018b4                FMC_IRQHandler
                0x080018b4                FDCAN_CAL_IRQHandler
                0x080018b4                SWPMI1_IRQHandler
                0x080018b4                COMP1_IRQHandler
                0x080018b4                LPTIM1_IRQHandler
                0x080018b4                I2C4_ER_IRQHandler
                0x080018b4                DMA2_Stream6_IRQHandler
                0x080018b4                SAI1_IRQHandler
                0x080018b4                DMA1_Stream3_IRQHandler
 .text._vl53l5cx_poll_for_answer
                0x080018b6       0xa0 ./Drivers/BSP/Components/vl53l5cx/modules/vl53l5cx_api.o
 .text._vl53l5cx_poll_for_mcu_boot
                0x08001956       0x82 ./Drivers/BSP/Components/vl53l5cx/modules/vl53l5cx_api.o
 .text._vl53l5cx_send_offset_data
                0x080019d8      0x398 ./Drivers/BSP/Components/vl53l5cx/modules/vl53l5cx_api.o
 .text._vl53l5cx_send_xtalk_data
                0x08001d70      0x298 ./Drivers/BSP/Components/vl53l5cx/modules/vl53l5cx_api.o
 .text.vl53l5cx_init
                0x08002008      0x8d8 ./Drivers/BSP/Components/vl53l5cx/modules/vl53l5cx_api.o
                0x08002008                vl53l5cx_init
 .text.vl53l5cx_set_i2c_address
                0x080028e0       0x6c ./Drivers/BSP/Components/vl53l5cx/modules/vl53l5cx_api.o
                0x080028e0                vl53l5cx_set_i2c_address
 .text.vl53l5cx_get_power_mode
                0x0800294c       0x86 ./Drivers/BSP/Components/vl53l5cx/modules/vl53l5cx_api.o
                0x0800294c                vl53l5cx_get_power_mode
 .text.vl53l5cx_set_power_mode
                0x080029d2       0xfc ./Drivers/BSP/Components/vl53l5cx/modules/vl53l5cx_api.o
                0x080029d2                vl53l5cx_set_power_mode
 *fill*         0x08002ace        0x2 
 .text.vl53l5cx_start_ranging
                0x08002ad0      0x2f4 ./Drivers/BSP/Components/vl53l5cx/modules/vl53l5cx_api.o
                0x08002ad0                vl53l5cx_start_ranging
 .text.vl53l5cx_stop_ranging
                0x08002dc4      0x1a0 ./Drivers/BSP/Components/vl53l5cx/modules/vl53l5cx_api.o
                0x08002dc4                vl53l5cx_stop_ranging
 .text.vl53l5cx_check_data_ready
                0x08002f64       0xa0 ./Drivers/BSP/Components/vl53l5cx/modules/vl53l5cx_api.o
                0x08002f64                vl53l5cx_check_data_ready
 .text.vl53l5cx_get_ranging_data
                0x08003004      0x434 ./Drivers/BSP/Components/vl53l5cx/modules/vl53l5cx_api.o
                0x08003004                vl53l5cx_get_ranging_data
 .text.vl53l5cx_get_resolution
                0x08003438       0x4a ./Drivers/BSP/Components/vl53l5cx/modules/vl53l5cx_api.o
                0x08003438                vl53l5cx_get_resolution
 .text.vl53l5cx_set_resolution
                0x08003482      0x1a8 ./Drivers/BSP/Components/vl53l5cx/modules/vl53l5cx_api.o
                0x08003482                vl53l5cx_set_resolution
 .text.vl53l5cx_set_ranging_frequency_hz
                0x0800362a       0x42 ./Drivers/BSP/Components/vl53l5cx/modules/vl53l5cx_api.o
                0x0800362a                vl53l5cx_set_ranging_frequency_hz
 .text.vl53l5cx_set_integration_time_ms
                0x0800366c       0x6a ./Drivers/BSP/Components/vl53l5cx/modules/vl53l5cx_api.o
                0x0800366c                vl53l5cx_set_integration_time_ms
 .text.vl53l5cx_set_ranging_mode
                0x080036d6       0xae ./Drivers/BSP/Components/vl53l5cx/modules/vl53l5cx_api.o
                0x080036d6                vl53l5cx_set_ranging_mode
 .text.vl53l5cx_dci_read_data
                0x08003784      0x114 ./Drivers/BSP/Components/vl53l5cx/modules/vl53l5cx_api.o
                0x08003784                vl53l5cx_dci_read_data
 .text.vl53l5cx_dci_write_data
                0x08003898      0x13c ./Drivers/BSP/Components/vl53l5cx/modules/vl53l5cx_api.o
                0x08003898                vl53l5cx_dci_write_data
 .text.vl53l5cx_dci_replace_data
                0x080039d4       0x58 ./Drivers/BSP/Components/vl53l5cx/modules/vl53l5cx_api.o
                0x080039d4                vl53l5cx_dci_replace_data
 .text.vl53l5cx_set_detection_thresholds_enable
                0x08003a2c       0x8c ./Drivers/BSP/Components/vl53l5cx/modules/vl53l5cx_plugin_detection_thresholds.o
                0x08003a2c                vl53l5cx_set_detection_thresholds_enable
 .text.vl53l5cx_set_detection_thresholds
                0x08003ab8      0x2c0 ./Drivers/BSP/Components/vl53l5cx/modules/vl53l5cx_plugin_detection_thresholds.o
                0x08003ab8                vl53l5cx_set_detection_thresholds
 .text.VL53L5CX_RdByte
                0x08003d78       0x2a ./Drivers/BSP/Components/vl53l5cx/porting/platform.o
                0x08003d78                VL53L5CX_RdByte
 .text.VL53L5CX_WrByte
                0x08003da2       0x2c ./Drivers/BSP/Components/vl53l5cx/porting/platform.o
                0x08003da2                VL53L5CX_WrByte
 .text.VL53L5CX_WrMulti
                0x08003dce       0x2e ./Drivers/BSP/Components/vl53l5cx/porting/platform.o
                0x08003dce                VL53L5CX_WrMulti
 .text.VL53L5CX_RdMulti
                0x08003dfc       0x2e ./Drivers/BSP/Components/vl53l5cx/porting/platform.o
                0x08003dfc                VL53L5CX_RdMulti
 .text.VL53L5CX_SwapBuffer
                0x08003e2a       0x6c ./Drivers/BSP/Components/vl53l5cx/porting/platform.o
                0x08003e2a                VL53L5CX_SwapBuffer
 .text.VL53L5CX_WaitMs
                0x08003e96       0x34 ./Drivers/BSP/Components/vl53l5cx/porting/platform.o
                0x08003e96                VL53L5CX_WaitMs
 .text.VL53L5CX_RegisterBusIO
                0x08003eca       0x90 ./Drivers/BSP/Components/vl53l5cx/vl53l5cx.o
                0x08003eca                VL53L5CX_RegisterBusIO
 .text.VL53L5CX_Init
                0x08003f5a       0x7e ./Drivers/BSP/Components/vl53l5cx/vl53l5cx.o
                0x08003f5a                VL53L5CX_Init
 .text.VL53L5CX_DeInit
                0x08003fd8       0x52 ./Drivers/BSP/Components/vl53l5cx/vl53l5cx.o
                0x08003fd8                VL53L5CX_DeInit
 .text.VL53L5CX_ReadID
                0x0800402a       0xc0 ./Drivers/BSP/Components/vl53l5cx/vl53l5cx.o
                0x0800402a                VL53L5CX_ReadID
 .text.VL53L5CX_GetCapabilities
                0x080040ea       0x48 ./Drivers/BSP/Components/vl53l5cx/vl53l5cx.o
                0x080040ea                VL53L5CX_GetCapabilities
 *fill*         0x08004132        0x2 
 .text.VL53L5CX_ConfigProfile
                0x08004134      0x13c ./Drivers/BSP/Components/vl53l5cx/vl53l5cx.o
                0x08004134                VL53L5CX_ConfigProfile
 .text.VL53L5CX_ConfigROI
                0x08004270       0x1a ./Drivers/BSP/Components/vl53l5cx/vl53l5cx.o
                0x08004270                VL53L5CX_ConfigROI
 *fill*         0x0800428a        0x2 
 .text.VL53L5CX_ConfigIT
                0x0800428c      0x170 ./Drivers/BSP/Components/vl53l5cx/vl53l5cx.o
                0x0800428c                VL53L5CX_ConfigIT
 .text.VL53L5CX_GetDistance
                0x080043fc       0x6c ./Drivers/BSP/Components/vl53l5cx/vl53l5cx.o
                0x080043fc                VL53L5CX_GetDistance
 .text.VL53L5CX_Start
                0x08004468       0xbc ./Drivers/BSP/Components/vl53l5cx/vl53l5cx.o
                0x08004468                VL53L5CX_Start
 .text.VL53L5CX_Stop
                0x08004524       0x56 ./Drivers/BSP/Components/vl53l5cx/vl53l5cx.o
                0x08004524                VL53L5CX_Stop
 .text.VL53L5CX_SetAddress
                0x0800457a       0x4e ./Drivers/BSP/Components/vl53l5cx/vl53l5cx.o
                0x0800457a                VL53L5CX_SetAddress
 .text.VL53L5CX_GetAddress
                0x080045c8       0x3a ./Drivers/BSP/Components/vl53l5cx/vl53l5cx.o
                0x080045c8                VL53L5CX_GetAddress
 .text.VL53L5CX_SetPowerMode
                0x08004602       0x58 ./Drivers/BSP/Components/vl53l5cx/vl53l5cx.o
                0x08004602                VL53L5CX_SetPowerMode
 .text.VL53L5CX_GetPowerMode
                0x0800465a       0x58 ./Drivers/BSP/Components/vl53l5cx/vl53l5cx.o
                0x0800465a                VL53L5CX_GetPowerMode
 .text.vl53l5cx_poll_for_measurement
                0x080046b2       0x58 ./Drivers/BSP/Components/vl53l5cx/vl53l5cx.o
 *fill*         0x0800470a        0x2 
 .text.vl53l5cx_get_result
                0x0800470c      0x1cc ./Drivers/BSP/Components/vl53l5cx/vl53l5cx.o
 .text.vl53l5cx_map_target_status
                0x080048d8       0x3a ./Drivers/BSP/Components/vl53l5cx/vl53l5cx.o
 *fill*         0x08004912        0x2 
 .text.BSP_LED_Init
                0x08004914       0xec ./Drivers/BSP/STM32H7xx_Nucleo/stm32h7xx_nucleo.o
                0x08004914                BSP_LED_Init
 .text.BSP_LED_Toggle
                0x08004a00       0x54 ./Drivers/BSP/STM32H7xx_Nucleo/stm32h7xx_nucleo.o
                0x08004a00                BSP_LED_Toggle
 .text.BSP_PB_Init
                0x08004a54       0xe4 ./Drivers/BSP/STM32H7xx_Nucleo/stm32h7xx_nucleo.o
                0x08004a54                BSP_PB_Init
 .text.BSP_PB_IRQHandler
                0x08004b38       0x24 ./Drivers/BSP/STM32H7xx_Nucleo/stm32h7xx_nucleo.o
                0x08004b38                BSP_PB_IRQHandler
 .text.BSP_PB_Callback
                0x08004b5c       0x16 ./Drivers/BSP/STM32H7xx_Nucleo/stm32h7xx_nucleo.o
                0x08004b5c                BSP_PB_Callback
 *fill*         0x08004b72        0x2 
 .text.BSP_COM_Init
                0x08004b74       0x60 ./Drivers/BSP/STM32H7xx_Nucleo/stm32h7xx_nucleo.o
                0x08004b74                BSP_COM_Init
 .text.MX_USART3_Init
                0x08004bd4       0x64 ./Drivers/BSP/STM32H7xx_Nucleo/stm32h7xx_nucleo.o
                0x08004bd4                MX_USART3_Init
 .text.__io_putchar
                0x08004c38       0x38 ./Drivers/BSP/STM32H7xx_Nucleo/stm32h7xx_nucleo.o
                0x08004c38                __io_putchar
 .text.BUTTON_USER_EXTI_Callback
                0x08004c70        0xe ./Drivers/BSP/STM32H7xx_Nucleo/stm32h7xx_nucleo.o
 *fill*         0x08004c7e        0x2 
 .text.COM1_MspInit
                0x08004c80       0xb0 ./Drivers/BSP/STM32H7xx_Nucleo/stm32h7xx_nucleo.o
 .text.HAL_Init
                0x08004d30       0x78 ./Drivers/STM32H7xx_HAL_Driver/Src/stm32h7xx_hal.o
                0x08004d30                HAL_Init
 .text.HAL_InitTick
                0x08004da8       0x6c ./Drivers/STM32H7xx_HAL_Driver/Src/stm32h7xx_hal.o
                0x08004da8                HAL_InitTick
 .text.HAL_IncTick
                0x08004e14       0x28 ./Drivers/STM32H7xx_HAL_Driver/Src/stm32h7xx_hal.o
                0x08004e14                HAL_IncTick
 .text.HAL_GetTick
                0x08004e3c       0x18 ./Drivers/STM32H7xx_HAL_Driver/Src/stm32h7xx_hal.o
                0x08004e3c                HAL_GetTick
 .text.HAL_Delay
                0x08004e54       0x48 ./Drivers/STM32H7xx_HAL_Driver/Src/stm32h7xx_hal.o
                0x08004e54                HAL_Delay
 .text.HAL_GetREVID
                0x08004e9c       0x18 ./Drivers/STM32H7xx_HAL_Driver/Src/stm32h7xx_hal.o
                0x08004e9c                HAL_GetREVID
 .text.__NVIC_SetPriorityGrouping
                0x08004eb4       0x48 ./Drivers/STM32H7xx_HAL_Driver/Src/stm32h7xx_hal_cortex.o
 .text.__NVIC_GetPriorityGrouping
                0x08004efc       0x1c ./Drivers/STM32H7xx_HAL_Driver/Src/stm32h7xx_hal_cortex.o
 .text.__NVIC_EnableIRQ
                0x08004f18       0x3c ./Drivers/STM32H7xx_HAL_Driver/Src/stm32h7xx_hal_cortex.o
 .text.__NVIC_SetPriority
                0x08004f54       0x54 ./Drivers/STM32H7xx_HAL_Driver/Src/stm32h7xx_hal_cortex.o
 .text.NVIC_EncodePriority
                0x08004fa8       0x66 ./Drivers/STM32H7xx_HAL_Driver/Src/stm32h7xx_hal_cortex.o
 *fill*         0x0800500e        0x2 
 .text.SysTick_Config
                0x08005010       0x44 ./Drivers/STM32H7xx_HAL_Driver/Src/stm32h7xx_hal_cortex.o
 .text.HAL_NVIC_SetPriorityGrouping
                0x08005054       0x16 ./Drivers/STM32H7xx_HAL_Driver/Src/stm32h7xx_hal_cortex.o
                0x08005054                HAL_NVIC_SetPriorityGrouping
 .text.HAL_NVIC_SetPriority
                0x0800506a       0x34 ./Drivers/STM32H7xx_HAL_Driver/Src/stm32h7xx_hal_cortex.o
                0x0800506a                HAL_NVIC_SetPriority
 .text.HAL_NVIC_EnableIRQ
                0x0800509e       0x1c ./Drivers/STM32H7xx_HAL_Driver/Src/stm32h7xx_hal_cortex.o
                0x0800509e                HAL_NVIC_EnableIRQ
 .text.HAL_SYSTICK_Config
                0x080050ba       0x18 ./Drivers/STM32H7xx_HAL_Driver/Src/stm32h7xx_hal_cortex.o
                0x080050ba                HAL_SYSTICK_Config
 .text.HAL_EXTI_RegisterCallback
                0x080050d2       0x3e ./Drivers/STM32H7xx_HAL_Driver/Src/stm32h7xx_hal_exti.o
                0x080050d2                HAL_EXTI_RegisterCallback
 .text.HAL_EXTI_GetHandle
                0x08005110       0x28 ./Drivers/STM32H7xx_HAL_Driver/Src/stm32h7xx_hal_exti.o
                0x08005110                HAL_EXTI_GetHandle
 .text.HAL_EXTI_IRQHandler
                0x08005138       0x60 ./Drivers/STM32H7xx_HAL_Driver/Src/stm32h7xx_hal_exti.o
                0x08005138                HAL_EXTI_IRQHandler
 .text.HAL_GPIO_Init
                0x08005198      0x360 ./Drivers/STM32H7xx_HAL_Driver/Src/stm32h7xx_hal_gpio.o
                0x08005198                HAL_GPIO_Init
 .text.HAL_GPIO_DeInit
                0x080054f8      0x214 ./Drivers/STM32H7xx_HAL_Driver/Src/stm32h7xx_hal_gpio.o
                0x080054f8                HAL_GPIO_DeInit
 .text.HAL_GPIO_WritePin
                0x0800570c       0x32 ./Drivers/STM32H7xx_HAL_Driver/Src/stm32h7xx_hal_gpio.o
                0x0800570c                HAL_GPIO_WritePin
 .text.HAL_GPIO_TogglePin
                0x0800573e       0x34 ./Drivers/STM32H7xx_HAL_Driver/Src/stm32h7xx_hal_gpio.o
                0x0800573e                HAL_GPIO_TogglePin
 *fill*         0x08005772        0x2 
 .text.HAL_I2C_Init
                0x08005774      0x138 ./Drivers/STM32H7xx_HAL_Driver/Src/stm32h7xx_hal_i2c.o
                0x08005774                HAL_I2C_Init
 .text.HAL_I2C_DeInit
                0x080058ac       0x5e ./Drivers/STM32H7xx_HAL_Driver/Src/stm32h7xx_hal_i2c.o
                0x080058ac                HAL_I2C_DeInit
 *fill*         0x0800590a        0x2 
 .text.HAL_I2C_Master_Transmit
                0x0800590c      0x230 ./Drivers/STM32H7xx_HAL_Driver/Src/stm32h7xx_hal_i2c.o
                0x0800590c                HAL_I2C_Master_Transmit
 .text.HAL_I2C_Mem_Write
                0x08005b3c      0x228 ./Drivers/STM32H7xx_HAL_Driver/Src/stm32h7xx_hal_i2c.o
                0x08005b3c                HAL_I2C_Mem_Write
 .text.HAL_I2C_Mem_Read
                0x08005d64      0x234 ./Drivers/STM32H7xx_HAL_Driver/Src/stm32h7xx_hal_i2c.o
                0x08005d64                HAL_I2C_Mem_Read
 .text.HAL_I2C_IsDeviceReady
                0x08005f98      0x20c ./Drivers/STM32H7xx_HAL_Driver/Src/stm32h7xx_hal_i2c.o
                0x08005f98                HAL_I2C_IsDeviceReady
 .text.HAL_I2C_GetState
                0x080061a4       0x1c ./Drivers/STM32H7xx_HAL_Driver/Src/stm32h7xx_hal_i2c.o
                0x080061a4                HAL_I2C_GetState
 .text.HAL_I2C_GetError
                0x080061c0       0x18 ./Drivers/STM32H7xx_HAL_Driver/Src/stm32h7xx_hal_i2c.o
                0x080061c0                HAL_I2C_GetError
 .text.I2C_RequestMemoryWrite
                0x080061d8       0xa8 ./Drivers/STM32H7xx_HAL_Driver/Src/stm32h7xx_hal_i2c.o
 .text.I2C_RequestMemoryRead
                0x08006280       0xa8 ./Drivers/STM32H7xx_HAL_Driver/Src/stm32h7xx_hal_i2c.o
 .text.I2C_Flush_TXDR
                0x08006328       0x48 ./Drivers/STM32H7xx_HAL_Driver/Src/stm32h7xx_hal_i2c.o
 .text.I2C_WaitOnFlagUntilTimeout
                0x08006370       0xb2 ./Drivers/STM32H7xx_HAL_Driver/Src/stm32h7xx_hal_i2c.o
 .text.I2C_WaitOnTXISFlagUntilTimeout
                0x08006422       0x8e ./Drivers/STM32H7xx_HAL_Driver/Src/stm32h7xx_hal_i2c.o
 .text.I2C_WaitOnSTOPFlagUntilTimeout
                0x080064b0       0x86 ./Drivers/STM32H7xx_HAL_Driver/Src/stm32h7xx_hal_i2c.o
 *fill*         0x08006536        0x2 
 .text.I2C_IsErrorOccurred
                0x08006538      0x1c0 ./Drivers/STM32H7xx_HAL_Driver/Src/stm32h7xx_hal_i2c.o
 .text.I2C_TransferConfig
                0x080066f8       0x64 ./Drivers/STM32H7xx_HAL_Driver/Src/stm32h7xx_hal_i2c.o
 .text.HAL_I2CEx_ConfigAnalogFilter
                0x0800675c       0x96 ./Drivers/STM32H7xx_HAL_Driver/Src/stm32h7xx_hal_i2c_ex.o
                0x0800675c                HAL_I2CEx_ConfigAnalogFilter
 .text.HAL_I2CEx_ConfigDigitalFilter
                0x080067f2       0x98 ./Drivers/STM32H7xx_HAL_Driver/Src/stm32h7xx_hal_i2c_ex.o
                0x080067f2                HAL_I2CEx_ConfigDigitalFilter
 *fill*         0x0800688a        0x2 
 .text.HAL_PWREx_ConfigSupply
                0x0800688c       0x74 ./Drivers/STM32H7xx_HAL_Driver/Src/stm32h7xx_hal_pwr_ex.o
                0x0800688c                HAL_PWREx_ConfigSupply
 .text.HAL_RCC_OscConfig
                0x08006900      0x8b4 ./Drivers/STM32H7xx_HAL_Driver/Src/stm32h7xx_hal_rcc.o
                0x08006900                HAL_RCC_OscConfig
 .text.HAL_RCC_ClockConfig
                0x080071b4      0x36c ./Drivers/STM32H7xx_HAL_Driver/Src/stm32h7xx_hal_rcc.o
                0x080071b4                HAL_RCC_ClockConfig
 .text.HAL_RCC_GetSysClockFreq
                0x08007520      0x2f4 ./Drivers/STM32H7xx_HAL_Driver/Src/stm32h7xx_hal_rcc.o
                0x08007520                HAL_RCC_GetSysClockFreq
 .text.HAL_RCC_GetHCLKFreq
                0x08007814       0x60 ./Drivers/STM32H7xx_HAL_Driver/Src/stm32h7xx_hal_rcc.o
                0x08007814                HAL_RCC_GetHCLKFreq
 .text.HAL_RCC_GetPCLK1Freq
                0x08007874       0x2c ./Drivers/STM32H7xx_HAL_Driver/Src/stm32h7xx_hal_rcc.o
                0x08007874                HAL_RCC_GetPCLK1Freq
 .text.HAL_RCC_GetPCLK2Freq
                0x080078a0       0x2c ./Drivers/STM32H7xx_HAL_Driver/Src/stm32h7xx_hal_rcc.o
                0x080078a0                HAL_RCC_GetPCLK2Freq
 .text.HAL_RCCEx_PeriphCLKConfig
                0x080078cc     0x1414 ./Drivers/STM32H7xx_HAL_Driver/Src/stm32h7xx_hal_rcc_ex.o
                0x080078cc                HAL_RCCEx_PeriphCLKConfig
 .text.HAL_RCCEx_GetD3PCLK1Freq
                0x08008ce0       0x2c ./Drivers/STM32H7xx_HAL_Driver/Src/stm32h7xx_hal_rcc_ex.o
                0x08008ce0                HAL_RCCEx_GetD3PCLK1Freq
 .text.HAL_RCCEx_GetPLL2ClockFreq
                0x08008d0c      0x2a8 ./Drivers/STM32H7xx_HAL_Driver/Src/stm32h7xx_hal_rcc_ex.o
                0x08008d0c                HAL_RCCEx_GetPLL2ClockFreq
 .text.HAL_RCCEx_GetPLL3ClockFreq
                0x08008fb4      0x2a8 ./Drivers/STM32H7xx_HAL_Driver/Src/stm32h7xx_hal_rcc_ex.o
                0x08008fb4                HAL_RCCEx_GetPLL3ClockFreq
 .text.RCCEx_PLL2_Config
                0x0800925c      0x164 ./Drivers/STM32H7xx_HAL_Driver/Src/stm32h7xx_hal_rcc_ex.o
 .text.RCCEx_PLL3_Config
                0x080093c0      0x164 ./Drivers/STM32H7xx_HAL_Driver/Src/stm32h7xx_hal_rcc_ex.o
 .text.HAL_UART_Init
                0x08009524       0xa0 ./Drivers/STM32H7xx_HAL_Driver/Src/stm32h7xx_hal_uart.o
                0x08009524                HAL_UART_Init
 .text.HAL_UART_MspInit
                0x080095c4       0x14 ./Drivers/STM32H7xx_HAL_Driver/Src/stm32h7xx_hal_uart.o
                0x080095c4                HAL_UART_MspInit
 .text.HAL_UART_Transmit
                0x080095d8      0x11c ./Drivers/STM32H7xx_HAL_Driver/Src/stm32h7xx_hal_uart.o
                0x080095d8                HAL_UART_Transmit
 .text.UART_SetConfig
                0x080096f4      0xad0 ./Drivers/STM32H7xx_HAL_Driver/Src/stm32h7xx_hal_uart.o
                0x080096f4                UART_SetConfig
 .text.UART_AdvFeatureConfig
                0x0800a1c4      0x144 ./Drivers/STM32H7xx_HAL_Driver/Src/stm32h7xx_hal_uart.o
                0x0800a1c4                UART_AdvFeatureConfig
 .text.UART_CheckIdleState
                0x0800a308      0x154 ./Drivers/STM32H7xx_HAL_Driver/Src/stm32h7xx_hal_uart.o
                0x0800a308                UART_CheckIdleState
 .text.UART_WaitOnFlagUntilTimeout
                0x0800a45c       0xda ./Drivers/STM32H7xx_HAL_Driver/Src/stm32h7xx_hal_uart.o
                0x0800a45c                UART_WaitOnFlagUntilTimeout
 *fill*         0x0800a536        0x2 
 .text.UART_EndRxTransfer
                0x0800a538       0xcc ./Drivers/STM32H7xx_HAL_Driver/Src/stm32h7xx_hal_uart.o
 .text.CUSTOM_RANGING_SENSOR_Init
                0x0800a604       0x4c ./X-CUBE-TOF1/Target/custom_ranging_sensor.o
                0x0800a604                CUSTOM_RANGING_SENSOR_Init
 .text.CUSTOM_RANGING_SENSOR_ConfigProfile
                0x0800a650       0x54 ./X-CUBE-TOF1/Target/custom_ranging_sensor.o
                0x0800a650                CUSTOM_RANGING_SENSOR_ConfigProfile
 .text.CUSTOM_RANGING_SENSOR_GetDistance
                0x0800a6a4       0x54 ./X-CUBE-TOF1/Target/custom_ranging_sensor.o
                0x0800a6a4                CUSTOM_RANGING_SENSOR_GetDistance
 .text.CUSTOM_RANGING_SENSOR_Start
                0x0800a6f8       0x58 ./X-CUBE-TOF1/Target/custom_ranging_sensor.o
                0x0800a6f8                CUSTOM_RANGING_SENSOR_Start
 .text.VL53L5CX_Probe
                0x0800a750      0x100 ./X-CUBE-TOF1/Target/custom_ranging_sensor.o
 .text.reset_device
                0x0800a850       0x58 ./X-CUBE-TOF1/Target/custom_ranging_sensor.o
 .text.std      0x0800a8a8       0x6c C:/ST/STM32CubeIDE_1.18.1/STM32CubeIDE/plugins/com.st.stm32cube.ide.mcu.externaltools.gnu-tools-for-stm32.13.3.rel1.win32_1.0.0.202411081344/tools/bin/../lib/gcc/arm-none-eabi/13.3.1/../../../../arm-none-eabi/lib/thumb/v7e-m+dp/hard\libc_nano.a(libc_a-findfp.o)
 .text.stdio_exit_handler
                0x0800a914       0x18 C:/ST/STM32CubeIDE_1.18.1/STM32CubeIDE/plugins/com.st.stm32cube.ide.mcu.externaltools.gnu-tools-for-stm32.13.3.rel1.win32_1.0.0.202411081344/tools/bin/../lib/gcc/arm-none-eabi/13.3.1/../../../../arm-none-eabi/lib/thumb/v7e-m+dp/hard\libc_nano.a(libc_a-findfp.o)
 .text.cleanup_stdio
                0x0800a92c       0x40 C:/ST/STM32CubeIDE_1.18.1/STM32CubeIDE/plugins/com.st.stm32cube.ide.mcu.externaltools.gnu-tools-for-stm32.13.3.rel1.win32_1.0.0.202411081344/tools/bin/../lib/gcc/arm-none-eabi/13.3.1/../../../../arm-none-eabi/lib/thumb/v7e-m+dp/hard\libc_nano.a(libc_a-findfp.o)
 .text.global_stdio_init.part.0
                0x0800a96c       0x3c C:/ST/STM32CubeIDE_1.18.1/STM32CubeIDE/plugins/com.st.stm32cube.ide.mcu.externaltools.gnu-tools-for-stm32.13.3.rel1.win32_1.0.0.202411081344/tools/bin/../lib/gcc/arm-none-eabi/13.3.1/../../../../arm-none-eabi/lib/thumb/v7e-m+dp/hard\libc_nano.a(libc_a-findfp.o)
 .text.__sfp_lock_acquire
                0x0800a9a8        0xc C:/ST/STM32CubeIDE_1.18.1/STM32CubeIDE/plugins/com.st.stm32cube.ide.mcu.externaltools.gnu-tools-for-stm32.13.3.rel1.win32_1.0.0.202411081344/tools/bin/../lib/gcc/arm-none-eabi/13.3.1/../../../../arm-none-eabi/lib/thumb/v7e-m+dp/hard\libc_nano.a(libc_a-findfp.o)
                0x0800a9a8                __sfp_lock_acquire
 .text.__sfp_lock_release
                0x0800a9b4        0xc C:/ST/STM32CubeIDE_1.18.1/STM32CubeIDE/plugins/com.st.stm32cube.ide.mcu.externaltools.gnu-tools-for-stm32.13.3.rel1.win32_1.0.0.202411081344/tools/bin/../lib/gcc/arm-none-eabi/13.3.1/../../../../arm-none-eabi/lib/thumb/v7e-m+dp/hard\libc_nano.a(libc_a-findfp.o)
                0x0800a9b4                __sfp_lock_release
 .text.__sinit  0x0800a9c0       0x30 C:/ST/STM32CubeIDE_1.18.1/STM32CubeIDE/plugins/com.st.stm32cube.ide.mcu.externaltools.gnu-tools-for-stm32.13.3.rel1.win32_1.0.0.202411081344/tools/bin/../lib/gcc/arm-none-eabi/13.3.1/../../../../arm-none-eabi/lib/thumb/v7e-m+dp/hard\libc_nano.a(libc_a-findfp.o)
                0x0800a9c0                __sinit
 .text._fwalk_sglue
                0x0800a9f0       0x3c C:/ST/STM32CubeIDE_1.18.1/STM32CubeIDE/plugins/com.st.stm32cube.ide.mcu.externaltools.gnu-tools-for-stm32.13.3.rel1.win32_1.0.0.202411081344/tools/bin/../lib/gcc/arm-none-eabi/13.3.1/../../../../arm-none-eabi/lib/thumb/v7e-m+dp/hard\libc_nano.a(libc_a-fwalk.o)
                0x0800a9f0                _fwalk_sglue
 .text.printf   0x0800aa2c       0x24 C:/ST/STM32CubeIDE_1.18.1/STM32CubeIDE/plugins/com.st.stm32cube.ide.mcu.externaltools.gnu-tools-for-stm32.13.3.rel1.win32_1.0.0.202411081344/tools/bin/../lib/gcc/arm-none-eabi/13.3.1/../../../../arm-none-eabi/lib/thumb/v7e-m+dp/hard\libc_nano.a(libc_a-printf.o)
                0x0800aa2c                iprintf
                0x0800aa2c                printf
 .text._puts_r  0x0800aa50       0xaa C:/ST/STM32CubeIDE_1.18.1/STM32CubeIDE/plugins/com.st.stm32cube.ide.mcu.externaltools.gnu-tools-for-stm32.13.3.rel1.win32_1.0.0.202411081344/tools/bin/../lib/gcc/arm-none-eabi/13.3.1/../../../../arm-none-eabi/lib/thumb/v7e-m+dp/hard\libc_nano.a(libc_a-puts.o)
                0x0800aa50                _puts_r
 *fill*         0x0800aafa        0x2 
 .text.puts     0x0800aafc       0x10 C:/ST/STM32CubeIDE_1.18.1/STM32CubeIDE/plugins/com.st.stm32cube.ide.mcu.externaltools.gnu-tools-for-stm32.13.3.rel1.win32_1.0.0.202411081344/tools/bin/../lib/gcc/arm-none-eabi/13.3.1/../../../../arm-none-eabi/lib/thumb/v7e-m+dp/hard\libc_nano.a(libc_a-puts.o)
                0x0800aafc                puts
 .text.__sread  0x0800ab0c       0x22 C:/ST/STM32CubeIDE_1.18.1/STM32CubeIDE/plugins/com.st.stm32cube.ide.mcu.externaltools.gnu-tools-for-stm32.13.3.rel1.win32_1.0.0.202411081344/tools/bin/../lib/gcc/arm-none-eabi/13.3.1/../../../../arm-none-eabi/lib/thumb/v7e-m+dp/hard\libc_nano.a(libc_a-stdio.o)
                0x0800ab0c                __sread
 .text.__swrite
                0x0800ab2e       0x38 C:/ST/STM32CubeIDE_1.18.1/STM32CubeIDE/plugins/com.st.stm32cube.ide.mcu.externaltools.gnu-tools-for-stm32.13.3.rel1.win32_1.0.0.202411081344/tools/bin/../lib/gcc/arm-none-eabi/13.3.1/../../../../arm-none-eabi/lib/thumb/v7e-m+dp/hard\libc_nano.a(libc_a-stdio.o)
                0x0800ab2e                __swrite
 .text.__sseek  0x0800ab66       0x24 C:/ST/STM32CubeIDE_1.18.1/STM32CubeIDE/plugins/com.st.stm32cube.ide.mcu.externaltools.gnu-tools-for-stm32.13.3.rel1.win32_1.0.0.202411081344/tools/bin/../lib/gcc/arm-none-eabi/13.3.1/../../../../arm-none-eabi/lib/thumb/v7e-m+dp/hard\libc_nano.a(libc_a-stdio.o)
                0x0800ab66                __sseek
 .text.__sclose
                0x0800ab8a        0x8 C:/ST/STM32CubeIDE_1.18.1/STM32CubeIDE/plugins/com.st.stm32cube.ide.mcu.externaltools.gnu-tools-for-stm32.13.3.rel1.win32_1.0.0.202411081344/tools/bin/../lib/gcc/arm-none-eabi/13.3.1/../../../../arm-none-eabi/lib/thumb/v7e-m+dp/hard\libc_nano.a(libc_a-stdio.o)
                0x0800ab8a                __sclose
 .text.__swbuf_r
                0x0800ab92       0x7c C:/ST/STM32CubeIDE_1.18.1/STM32CubeIDE/plugins/com.st.stm32cube.ide.mcu.externaltools.gnu-tools-for-stm32.13.3.rel1.win32_1.0.0.202411081344/tools/bin/../lib/gcc/arm-none-eabi/13.3.1/../../../../arm-none-eabi/lib/thumb/v7e-m+dp/hard\libc_nano.a(libc_a-wbuf.o)
                0x0800ab92                __swbuf_r
 *fill*         0x0800ac0e        0x2 
 .text.__swsetup_r
                0x0800ac10       0xac C:/ST/STM32CubeIDE_1.18.1/STM32CubeIDE/plugins/com.st.stm32cube.ide.mcu.externaltools.gnu-tools-for-stm32.13.3.rel1.win32_1.0.0.202411081344/tools/bin/../lib/gcc/arm-none-eabi/13.3.1/../../../../arm-none-eabi/lib/thumb/v7e-m+dp/hard\libc_nano.a(libc_a-wsetup.o)
                0x0800ac10                __swsetup_r
 .text.memset   0x0800acbc       0x10 C:/ST/STM32CubeIDE_1.18.1/STM32CubeIDE/plugins/com.st.stm32cube.ide.mcu.externaltools.gnu-tools-for-stm32.13.3.rel1.win32_1.0.0.202411081344/tools/bin/../lib/gcc/arm-none-eabi/13.3.1/../../../../arm-none-eabi/lib/thumb/v7e-m+dp/hard\libc_nano.a(libc_a-memset.o)
                0x0800acbc                memset
 .text._close_r
                0x0800accc       0x20 C:/ST/STM32CubeIDE_1.18.1/STM32CubeIDE/plugins/com.st.stm32cube.ide.mcu.externaltools.gnu-tools-for-stm32.13.3.rel1.win32_1.0.0.202411081344/tools/bin/../lib/gcc/arm-none-eabi/13.3.1/../../../../arm-none-eabi/lib/thumb/v7e-m+dp/hard\libc_nano.a(libc_a-closer.o)
                0x0800accc                _close_r
 .text._lseek_r
                0x0800acec       0x24 C:/ST/STM32CubeIDE_1.18.1/STM32CubeIDE/plugins/com.st.stm32cube.ide.mcu.externaltools.gnu-tools-for-stm32.13.3.rel1.win32_1.0.0.202411081344/tools/bin/../lib/gcc/arm-none-eabi/13.3.1/../../../../arm-none-eabi/lib/thumb/v7e-m+dp/hard\libc_nano.a(libc_a-lseekr.o)
                0x0800acec                _lseek_r
 .text._read_r  0x0800ad10       0x24 C:/ST/STM32CubeIDE_1.18.1/STM32CubeIDE/plugins/com.st.stm32cube.ide.mcu.externaltools.gnu-tools-for-stm32.13.3.rel1.win32_1.0.0.202411081344/tools/bin/../lib/gcc/arm-none-eabi/13.3.1/../../../../arm-none-eabi/lib/thumb/v7e-m+dp/hard\libc_nano.a(libc_a-readr.o)
                0x0800ad10                _read_r
 .text._write_r
                0x0800ad34       0x24 C:/ST/STM32CubeIDE_1.18.1/STM32CubeIDE/plugins/com.st.stm32cube.ide.mcu.externaltools.gnu-tools-for-stm32.13.3.rel1.win32_1.0.0.202411081344/tools/bin/../lib/gcc/arm-none-eabi/13.3.1/../../../../arm-none-eabi/lib/thumb/v7e-m+dp/hard\libc_nano.a(libc_a-writer.o)
                0x0800ad34                _write_r
 .text.__errno  0x0800ad58        0xc C:/ST/STM32CubeIDE_1.18.1/STM32CubeIDE/plugins/com.st.stm32cube.ide.mcu.externaltools.gnu-tools-for-stm32.13.3.rel1.win32_1.0.0.202411081344/tools/bin/../lib/gcc/arm-none-eabi/13.3.1/../../../../arm-none-eabi/lib/thumb/v7e-m+dp/hard\libc_nano.a(libc_a-errno.o)
                0x0800ad58                __errno
 .text.__libc_init_array
                0x0800ad64       0x48 C:/ST/STM32CubeIDE_1.18.1/STM32CubeIDE/plugins/com.st.stm32cube.ide.mcu.externaltools.gnu-tools-for-stm32.13.3.rel1.win32_1.0.0.202411081344/tools/bin/../lib/gcc/arm-none-eabi/13.3.1/../../../../arm-none-eabi/lib/thumb/v7e-m+dp/hard\libc_nano.a(libc_a-init.o)
                0x0800ad64                __libc_init_array
 .text.__retarget_lock_init_recursive
                0x0800adac        0x2 C:/ST/STM32CubeIDE_1.18.1/STM32CubeIDE/plugins/com.st.stm32cube.ide.mcu.externaltools.gnu-tools-for-stm32.13.3.rel1.win32_1.0.0.202411081344/tools/bin/../lib/gcc/arm-none-eabi/13.3.1/../../../../arm-none-eabi/lib/thumb/v7e-m+dp/hard\libc_nano.a(libc_a-lock.o)
                0x0800adac                __retarget_lock_init_recursive
 .text.__retarget_lock_acquire_recursive
                0x0800adae        0x2 C:/ST/STM32CubeIDE_1.18.1/STM32CubeIDE/plugins/com.st.stm32cube.ide.mcu.externaltools.gnu-tools-for-stm32.13.3.rel1.win32_1.0.0.202411081344/tools/bin/../lib/gcc/arm-none-eabi/13.3.1/../../../../arm-none-eabi/lib/thumb/v7e-m+dp/hard\libc_nano.a(libc_a-lock.o)
                0x0800adae                __retarget_lock_acquire_recursive
 .text.__retarget_lock_release_recursive
                0x0800adb0        0x2 C:/ST/STM32CubeIDE_1.18.1/STM32CubeIDE/plugins/com.st.stm32cube.ide.mcu.externaltools.gnu-tools-for-stm32.13.3.rel1.win32_1.0.0.202411081344/tools/bin/../lib/gcc/arm-none-eabi/13.3.1/../../../../arm-none-eabi/lib/thumb/v7e-m+dp/hard\libc_nano.a(libc_a-lock.o)
                0x0800adb0                __retarget_lock_release_recursive
 .text.memcpy   0x0800adb2       0x1c C:/ST/STM32CubeIDE_1.18.1/STM32CubeIDE/plugins/com.st.stm32cube.ide.mcu.externaltools.gnu-tools-for-stm32.13.3.rel1.win32_1.0.0.202411081344/tools/bin/../lib/gcc/arm-none-eabi/13.3.1/../../../../arm-none-eabi/lib/thumb/v7e-m+dp/hard\libc_nano.a(libc_a-memcpy-stub.o)
                0x0800adb2                memcpy
 *fill*         0x0800adce        0x2 
 .text._free_r  0x0800add0       0x94 C:/ST/STM32CubeIDE_1.18.1/STM32CubeIDE/plugins/com.st.stm32cube.ide.mcu.externaltools.gnu-tools-for-stm32.13.3.rel1.win32_1.0.0.202411081344/tools/bin/../lib/gcc/arm-none-eabi/13.3.1/../../../../arm-none-eabi/lib/thumb/v7e-m+dp/hard\libc_nano.a(libc_a-freer.o)
                0x0800add0                _free_r
 .text.sbrk_aligned
                0x0800ae64       0x44 C:/ST/STM32CubeIDE_1.18.1/STM32CubeIDE/plugins/com.st.stm32cube.ide.mcu.externaltools.gnu-tools-for-stm32.13.3.rel1.win32_1.0.0.202411081344/tools/bin/../lib/gcc/arm-none-eabi/13.3.1/../../../../arm-none-eabi/lib/thumb/v7e-m+dp/hard\libc_nano.a(libc_a-mallocr.o)
 .text._malloc_r
                0x0800aea8      0x100 C:/ST/STM32CubeIDE_1.18.1/STM32CubeIDE/plugins/com.st.stm32cube.ide.mcu.externaltools.gnu-tools-for-stm32.13.3.rel1.win32_1.0.0.202411081344/tools/bin/../lib/gcc/arm-none-eabi/13.3.1/../../../../arm-none-eabi/lib/thumb/v7e-m+dp/hard\libc_nano.a(libc_a-mallocr.o)
                0x0800aea8                _malloc_r
 .text.__malloc_lock
                0x0800afa8        0xc C:/ST/STM32CubeIDE_1.18.1/STM32CubeIDE/plugins/com.st.stm32cube.ide.mcu.externaltools.gnu-tools-for-stm32.13.3.rel1.win32_1.0.0.202411081344/tools/bin/../lib/gcc/arm-none-eabi/13.3.1/../../../../arm-none-eabi/lib/thumb/v7e-m+dp/hard\libc_nano.a(libc_a-mlock.o)
                0x0800afa8                __malloc_lock
 .text.__malloc_unlock
                0x0800afb4        0xc C:/ST/STM32CubeIDE_1.18.1/STM32CubeIDE/plugins/com.st.stm32cube.ide.mcu.externaltools.gnu-tools-for-stm32.13.3.rel1.win32_1.0.0.202411081344/tools/bin/../lib/gcc/arm-none-eabi/13.3.1/../../../../arm-none-eabi/lib/thumb/v7e-m+dp/hard\libc_nano.a(libc_a-mlock.o)
                0x0800afb4                __malloc_unlock
 .text.__sfputc_r
                0x0800afc0       0x2e C:/ST/STM32CubeIDE_1.18.1/STM32CubeIDE/plugins/com.st.stm32cube.ide.mcu.externaltools.gnu-tools-for-stm32.13.3.rel1.win32_1.0.0.202411081344/tools/bin/../lib/gcc/arm-none-eabi/13.3.1/../../../../arm-none-eabi/lib/thumb/v7e-m+dp/hard\libc_nano.a(libc_a-nano-vfprintf.o)
 .text.__sfputs_r
                0x0800afee       0x24 C:/ST/STM32CubeIDE_1.18.1/STM32CubeIDE/plugins/com.st.stm32cube.ide.mcu.externaltools.gnu-tools-for-stm32.13.3.rel1.win32_1.0.0.202411081344/tools/bin/../lib/gcc/arm-none-eabi/13.3.1/../../../../arm-none-eabi/lib/thumb/v7e-m+dp/hard\libc_nano.a(libc_a-nano-vfprintf.o)
                0x0800afee                __sfputs_r
 *fill*         0x0800b012        0x2 
 .text._vfprintf_r
                0x0800b014      0x230 C:/ST/STM32CubeIDE_1.18.1/STM32CubeIDE/plugins/com.st.stm32cube.ide.mcu.externaltools.gnu-tools-for-stm32.13.3.rel1.win32_1.0.0.202411081344/tools/bin/../lib/gcc/arm-none-eabi/13.3.1/../../../../arm-none-eabi/lib/thumb/v7e-m+dp/hard\libc_nano.a(libc_a-nano-vfprintf.o)
                0x0800b014                _vfprintf_r
                0x0800b014                _vfiprintf_r
 .text._printf_common
                0x0800b244       0xda C:/ST/STM32CubeIDE_1.18.1/STM32CubeIDE/plugins/com.st.stm32cube.ide.mcu.externaltools.gnu-tools-for-stm32.13.3.rel1.win32_1.0.0.202411081344/tools/bin/../lib/gcc/arm-none-eabi/13.3.1/../../../../arm-none-eabi/lib/thumb/v7e-m+dp/hard\libc_nano.a(libc_a-nano-vfprintf_i.o)
                0x0800b244                _printf_common
 *fill*         0x0800b31e        0x2 
 .text._printf_i
                0x0800b320      0x23c C:/ST/STM32CubeIDE_1.18.1/STM32CubeIDE/plugins/com.st.stm32cube.ide.mcu.externaltools.gnu-tools-for-stm32.13.3.rel1.win32_1.0.0.202411081344/tools/bin/../lib/gcc/arm-none-eabi/13.3.1/../../../../arm-none-eabi/lib/thumb/v7e-m+dp/hard\libc_nano.a(libc_a-nano-vfprintf_i.o)
                0x0800b320                _printf_i
 .text.__sflush_r
                0x0800b55c      0x108 C:/ST/STM32CubeIDE_1.18.1/STM32CubeIDE/plugins/com.st.stm32cube.ide.mcu.externaltools.gnu-tools-for-stm32.13.3.rel1.win32_1.0.0.202411081344/tools/bin/../lib/gcc/arm-none-eabi/13.3.1/../../../../arm-none-eabi/lib/thumb/v7e-m+dp/hard\libc_nano.a(libc_a-fflush.o)
                0x0800b55c                __sflush_r
 .text._fflush_r
                0x0800b664       0x50 C:/ST/STM32CubeIDE_1.18.1/STM32CubeIDE/plugins/com.st.stm32cube.ide.mcu.externaltools.gnu-tools-for-stm32.13.3.rel1.win32_1.0.0.202411081344/tools/bin/../lib/gcc/arm-none-eabi/13.3.1/../../../../arm-none-eabi/lib/thumb/v7e-m+dp/hard\libc_nano.a(libc_a-fflush.o)
                0x0800b664                _fflush_r
 .text.__swhatbuf_r
                0x0800b6b4       0x4c C:/ST/STM32CubeIDE_1.18.1/STM32CubeIDE/plugins/com.st.stm32cube.ide.mcu.externaltools.gnu-tools-for-stm32.13.3.rel1.win32_1.0.0.202411081344/tools/bin/../lib/gcc/arm-none-eabi/13.3.1/../../../../arm-none-eabi/lib/thumb/v7e-m+dp/hard\libc_nano.a(libc_a-makebuf.o)
                0x0800b6b4                __swhatbuf_r
 .text.__smakebuf_r
                0x0800b700       0x78 C:/ST/STM32CubeIDE_1.18.1/STM32CubeIDE/plugins/com.st.stm32cube.ide.mcu.externaltools.gnu-tools-for-stm32.13.3.rel1.win32_1.0.0.202411081344/tools/bin/../lib/gcc/arm-none-eabi/13.3.1/../../../../arm-none-eabi/lib/thumb/v7e-m+dp/hard\libc_nano.a(libc_a-makebuf.o)
                0x0800b700                __smakebuf_r
 .text._fstat_r
                0x0800b778       0x24 C:/ST/STM32CubeIDE_1.18.1/STM32CubeIDE/plugins/com.st.stm32cube.ide.mcu.externaltools.gnu-tools-for-stm32.13.3.rel1.win32_1.0.0.202411081344/tools/bin/../lib/gcc/arm-none-eabi/13.3.1/../../../../arm-none-eabi/lib/thumb/v7e-m+dp/hard\libc_nano.a(libc_a-fstatr.o)
                0x0800b778                _fstat_r
 .text._isatty_r
                0x0800b79c       0x20 C:/ST/STM32CubeIDE_1.18.1/STM32CubeIDE/plugins/com.st.stm32cube.ide.mcu.externaltools.gnu-tools-for-stm32.13.3.rel1.win32_1.0.0.202411081344/tools/bin/../lib/gcc/arm-none-eabi/13.3.1/../../../../arm-none-eabi/lib/thumb/v7e-m+dp/hard\libc_nano.a(libc_a-isattyr.o)
                0x0800b79c                _isatty_r
 .text._sbrk_r  0x0800b7bc       0x20 C:/ST/STM32CubeIDE_1.18.1/STM32CubeIDE/plugins/com.st.stm32cube.ide.mcu.externaltools.gnu-tools-for-stm32.13.3.rel1.win32_1.0.0.202411081344/tools/bin/../lib/gcc/arm-none-eabi/13.3.1/../../../../arm-none-eabi/lib/thumb/v7e-m+dp/hard\libc_nano.a(libc_a-sbrkr.o)
                0x0800b7bc                _sbrk_r
 *(.glue_7)
 .glue_7        0x0800b7dc        0x0 linker stubs
 *(.glue_7t)
 .glue_7t       0x0800b7dc        0x0 linker stubs
 *(.eh_frame)
 .eh_frame      0x0800b7dc        0x0 C:/ST/STM32CubeIDE_1.18.1/STM32CubeIDE/plugins/com.st.stm32cube.ide.mcu.externaltools.gnu-tools-for-stm32.13.3.rel1.win32_1.0.0.202411081344/tools/bin/../lib/gcc/arm-none-eabi/13.3.1/thumb/v7e-m+dp/hard/crtbegin.o
 *(.init)
 .init          0x0800b7dc        0x4 C:/ST/STM32CubeIDE_1.18.1/STM32CubeIDE/plugins/com.st.stm32cube.ide.mcu.externaltools.gnu-tools-for-stm32.13.3.rel1.win32_1.0.0.202411081344/tools/bin/../lib/gcc/arm-none-eabi/13.3.1/thumb/v7e-m+dp/hard/crti.o
                0x0800b7dc                _init
 .init          0x0800b7e0        0x8 C:/ST/STM32CubeIDE_1.18.1/STM32CubeIDE/plugins/com.st.stm32cube.ide.mcu.externaltools.gnu-tools-for-stm32.13.3.rel1.win32_1.0.0.202411081344/tools/bin/../lib/gcc/arm-none-eabi/13.3.1/thumb/v7e-m+dp/hard/crtn.o
 *(.fini)
 .fini          0x0800b7e8        0x4 C:/ST/STM32CubeIDE_1.18.1/STM32CubeIDE/plugins/com.st.stm32cube.ide.mcu.externaltools.gnu-tools-for-stm32.13.3.rel1.win32_1.0.0.202411081344/tools/bin/../lib/gcc/arm-none-eabi/13.3.1/thumb/v7e-m+dp/hard/crti.o
                0x0800b7e8                _fini
 .fini          0x0800b7ec        0x8 C:/ST/STM32CubeIDE_1.18.1/STM32CubeIDE/plugins/com.st.stm32cube.ide.mcu.externaltools.gnu-tools-for-stm32.13.3.rel1.win32_1.0.0.202411081344/tools/bin/../lib/gcc/arm-none-eabi/13.3.1/thumb/v7e-m+dp/hard/crtn.o
                0x0800b7f4                        . = ALIGN (0x4)
                0x0800b7f4                        _etext = .

.vfp11_veneer   0x0800b7f4        0x0
 .vfp11_veneer  0x0800b7f4        0x0 linker stubs

.v4_bx          0x0800b7f4        0x0
 .v4_bx         0x0800b7f4        0x0 linker stubs

.iplt           0x0800b7f4        0x0
 .iplt          0x0800b7f4        0x0 C:/ST/STM32CubeIDE_1.18.1/STM32CubeIDE/plugins/com.st.stm32cube.ide.mcu.externaltools.gnu-tools-for-stm32.13.3.rel1.win32_1.0.0.202411081344/tools/bin/../lib/gcc/arm-none-eabi/13.3.1/thumb/v7e-m+dp/hard/crtbegin.o

.rodata         0x0800b7f4    0x15ab4
                0x0800b7f4                        . = ALIGN (0x4)
 *(.rodata)
 .rodata        0x0800b7f4      0x26c ./Core/Src/VL53L5CX_LIB.o
 .rodata        0x0800ba60       0x6d ./Core/Src/main.o
 *fill*         0x0800bacd        0x3 
 .rodata        0x0800bad0       0x6c ./Drivers/BSP/Components/vl53l5cx/modules/vl53l5cx_api.o
 .rodata        0x0800bb3c        0x8 ./Drivers/BSP/Components/vl53l5cx/modules/vl53l5cx_plugin_detection_thresholds.o
 *(.rodata*)
 .rodata.D1CorePrescTable
                0x0800bb44       0x10 ./Core/Src/system_stm32h7xx.o
                0x0800bb44                D1CorePrescTable
 .rodata.VL53L5CX_FIRMWARE
                0x0800bb54    0x15000 ./Drivers/BSP/Components/vl53l5cx/modules/vl53l5cx_api.o
                0x0800bb54                VL53L5CX_FIRMWARE
 .rodata.VL53L5CX_DEFAULT_CONFIGURATION
                0x08020b54      0x3cc ./Drivers/BSP/Components/vl53l5cx/modules/vl53l5cx_api.o
                0x08020b54                VL53L5CX_DEFAULT_CONFIGURATION
 .rodata.VL53L5CX_DEFAULT_XTALK
                0x08020f20      0x308 ./Drivers/BSP/Components/vl53l5cx/modules/vl53l5cx_api.o
                0x08020f20                VL53L5CX_DEFAULT_XTALK
 .rodata.VL53L5CX_GET_NVM_CMD
                0x08021228       0x28 ./Drivers/BSP/Components/vl53l5cx/modules/vl53l5cx_api.o
                0x08021228                VL53L5CX_GET_NVM_CMD
 .rodata.LED_PIN
                0x08021250        0x6 ./Drivers/BSP/STM32H7xx_Nucleo/stm32h7xx_nucleo.o
 *fill*         0x08021256        0x2 
 .rodata.BUTTON_EXTI_LINE.2
                0x08021258        0x4 ./Drivers/BSP/STM32H7xx_Nucleo/stm32h7xx_nucleo.o
 .rodata.UARTPrescTable
                0x0802125c       0x18 ./Drivers/STM32H7xx_HAL_Driver/Src/stm32h7xx_hal_uart.o
                0x0802125c                UARTPrescTable
 .rodata._vfprintf_r.str1.1
                0x08021274       0x33 C:/ST/STM32CubeIDE_1.18.1/STM32CubeIDE/plugins/com.st.stm32cube.ide.mcu.externaltools.gnu-tools-for-stm32.13.3.rel1.win32_1.0.0.202411081344/tools/bin/../lib/gcc/arm-none-eabi/13.3.1/../../../../arm-none-eabi/lib/thumb/v7e-m+dp/hard\libc_nano.a(libc_a-nano-vfprintf.o)
                                 0x11 (size before relaxing)
 .rodata._printf_i.str1.1
                0x080212a7       0x22 C:/ST/STM32CubeIDE_1.18.1/STM32CubeIDE/plugins/com.st.stm32cube.ide.mcu.externaltools.gnu-tools-for-stm32.13.3.rel1.win32_1.0.0.202411081344/tools/bin/../lib/gcc/arm-none-eabi/13.3.1/../../../../arm-none-eabi/lib/thumb/v7e-m+dp/hard\libc_nano.a(libc_a-nano-vfprintf_i.o)
                0x080212cc                        . = ALIGN (0x4)
 *fill*         0x080212a7        0x1 

.ARM.extab
 *(.ARM.extab* .gnu.linkonce.armextab.*)

.ARM            0x080212a8        0x8
                0x080212a8                        __exidx_start = .
 *(.ARM.exidx*)
 .ARM.exidx     0x080212a8        0x8 C:/ST/STM32CubeIDE_1.18.1/STM32CubeIDE/plugins/com.st.stm32cube.ide.mcu.externaltools.gnu-tools-for-stm32.13.3.rel1.win32_1.0.0.202411081344/tools/bin/../lib/gcc/arm-none-eabi/13.3.1/../../../../arm-none-eabi/lib/thumb/v7e-m+dp/hard\libc_nano.a(libc_a-memchr.o)
 .ARM.exidx     0x080212b0        0x0 C:/ST/STM32CubeIDE_1.18.1/STM32CubeIDE/plugins/com.st.stm32cube.ide.mcu.externaltools.gnu-tools-for-stm32.13.3.rel1.win32_1.0.0.202411081344/tools/bin/../lib/gcc/arm-none-eabi/13.3.1/thumb/v7e-m+dp/hard\libgcc.a(_udivmoddi4.o)
                                  0x8 (size before relaxing)
                0x080212b0                        __exidx_end = .

.preinit_array  0x080212b0        0x0
                0x080212b0                        PROVIDE (__preinit_array_start = .)
 *(.preinit_array*)
                0x080212b0                        PROVIDE (__preinit_array_end = .)

.init_array     0x080212b0        0x4
                0x080212b0                        PROVIDE (__init_array_start = .)
 *(SORT_BY_NAME(.init_array.*))
 *(.init_array*)
 .init_array    0x080212b0        0x4 C:/ST/STM32CubeIDE_1.18.1/STM32CubeIDE/plugins/com.st.stm32cube.ide.mcu.externaltools.gnu-tools-for-stm32.13.3.rel1.win32_1.0.0.202411081344/tools/bin/../lib/gcc/arm-none-eabi/13.3.1/thumb/v7e-m+dp/hard/crtbegin.o
                0x080212b4                        PROVIDE (__init_array_end = .)

.fini_array     0x080212b4        0x4
                [!provide]                        PROVIDE (__fini_array_start = .)
 *(SORT_BY_NAME(.fini_array.*))
 *(.fini_array*)
 .fini_array    0x080212b4        0x4 C:/ST/STM32CubeIDE_1.18.1/STM32CubeIDE/plugins/com.st.stm32cube.ide.mcu.externaltools.gnu-tools-for-stm32.13.3.rel1.win32_1.0.0.202411081344/tools/bin/../lib/gcc/arm-none-eabi/13.3.1/thumb/v7e-m+dp/hard/crtbegin.o
                [!provide]                        PROVIDE (__fini_array_end = .)
                0x080212b8                        _sidata = LOADADDR (.data)

.rel.dyn        0x080212b8        0x0
 .rel.iplt      0x080212b8        0x0 C:/ST/STM32CubeIDE_1.18.1/STM32CubeIDE/plugins/com.st.stm32cube.ide.mcu.externaltools.gnu-tools-for-stm32.13.3.rel1.win32_1.0.0.202411081344/tools/bin/../lib/gcc/arm-none-eabi/13.3.1/thumb/v7e-m+dp/hard/crtbegin.o

.data           0x24000000       0xc4 load address 0x080212b8
                0x24000000                        . = ALIGN (0x4)
                0x24000000                        _sdata = .
 *(.data)
 *(.data*)
 .data.g_orientation
                0x24000000        0x1 ./Core/Src/VL53L5CX_LIB.o
 .data.g_print_style
                0x24000001        0x1 ./Core/Src/VL53L5CX_LIB.o
 *fill*         0x24000002        0x2 
 .data.SystemCoreClock
                0x24000004        0x4 ./Core/Src/system_stm32h7xx.o
                0x24000004                SystemCoreClock
 .data.SystemD2Clock
                0x24000008        0x4 ./Core/Src/system_stm32h7xx.o
                0x24000008                SystemD2Clock
 .data.VL53L5CX_RANGING_SENSOR_Driver
                0x2400000c       0x38 ./Drivers/BSP/Components/vl53l5cx/vl53l5cx.o
                0x2400000c                VL53L5CX_RANGING_SENSOR_Driver
 .data.COM_USART
                0x24000044        0x4 ./Drivers/BSP/STM32H7xx_Nucleo/stm32h7xx_nucleo.o
                0x24000044                COM_USART
 .data.LED_PORT
                0x24000048        0xc ./Drivers/BSP/STM32H7xx_Nucleo/stm32h7xx_nucleo.o
 .data.BUTTON_PORT
                0x24000054        0x4 ./Drivers/BSP/STM32H7xx_Nucleo/stm32h7xx_nucleo.o
 .data.ButtonCallback.1
                0x24000058        0x4 ./Drivers/BSP/STM32H7xx_Nucleo/stm32h7xx_nucleo.o
 .data.BSP_BUTTON_PRIO.0
                0x2400005c        0x4 ./Drivers/BSP/STM32H7xx_Nucleo/stm32h7xx_nucleo.o
 .data.uwTickPrio
                0x24000060        0x4 ./Drivers/STM32H7xx_HAL_Driver/Src/stm32h7xx_hal.o
                0x24000060                uwTickPrio
 .data.uwTickFreq
                0x24000064        0x1 ./Drivers/STM32H7xx_HAL_Driver/Src/stm32h7xx_hal.o
                0x24000064                uwTickFreq
 *fill*         0x24000065        0x3 
 .data.__sglue  0x24000068        0xc C:/ST/STM32CubeIDE_1.18.1/STM32CubeIDE/plugins/com.st.stm32cube.ide.mcu.externaltools.gnu-tools-for-stm32.13.3.rel1.win32_1.0.0.202411081344/tools/bin/../lib/gcc/arm-none-eabi/13.3.1/../../../../arm-none-eabi/lib/thumb/v7e-m+dp/hard\libc_nano.a(libc_a-findfp.o)
                0x24000068                __sglue
 .data._impure_ptr
                0x24000074        0x4 C:/ST/STM32CubeIDE_1.18.1/STM32CubeIDE/plugins/com.st.stm32cube.ide.mcu.externaltools.gnu-tools-for-stm32.13.3.rel1.win32_1.0.0.202411081344/tools/bin/../lib/gcc/arm-none-eabi/13.3.1/../../../../arm-none-eabi/lib/thumb/v7e-m+dp/hard\libc_nano.a(libc_a-impure.o)
                0x24000074                _impure_ptr
 .data._impure_data
                0x24000078       0x4c C:/ST/STM32CubeIDE_1.18.1/STM32CubeIDE/plugins/com.st.stm32cube.ide.mcu.externaltools.gnu-tools-for-stm32.13.3.rel1.win32_1.0.0.202411081344/tools/bin/../lib/gcc/arm-none-eabi/13.3.1/../../../../arm-none-eabi/lib/thumb/v7e-m+dp/hard\libc_nano.a(libc_a-impure.o)
                0x24000078                _impure_data
 *(.RamFunc)
 *(.RamFunc*)
                0x240000c4                        . = ALIGN (0x4)
                0x240000c4                        _edata = .

.igot.plt       0x240000c4        0x0 load address 0x0802137c
 .igot.plt      0x240000c4        0x0 C:/ST/STM32CubeIDE_1.18.1/STM32CubeIDE/plugins/com.st.stm32cube.ide.mcu.externaltools.gnu-tools-for-stm32.13.3.rel1.win32_1.0.0.202411081344/tools/bin/../lib/gcc/arm-none-eabi/13.3.1/thumb/v7e-m+dp/hard/crtbegin.o
                0x240000c4                        . = ALIGN (0x4)

.bss            0x240000c4     0x1ac8 load address 0x0802137c
                0x240000c4                        _sbss = .
                0x240000c4                        __bss_start__ = _sbss
 *(.bss)
 .bss           0x240000c4       0x1c C:/ST/STM32CubeIDE_1.18.1/STM32CubeIDE/plugins/com.st.stm32cube.ide.mcu.externaltools.gnu-tools-for-stm32.13.3.rel1.win32_1.0.0.202411081344/tools/bin/../lib/gcc/arm-none-eabi/13.3.1/thumb/v7e-m+dp/hard/crtbegin.o
 *(.bss*)
 .bss.resultat  0x240000e0      0x504 ./Core/Src/VL53L5CX_LIB.o
                0x240000e0                resultat
 .bss.frame_counter.0
                0x240005e4        0x4 ./Core/Src/VL53L5CX_LIB.o
 .bss.BspCOMInit
                0x240005e8       0x10 ./Core/Src/main.o
                0x240005e8                BspCOMInit
 .bss.hi2c1     0x240005f8       0x54 ./Core/Src/stm32h7xx_nucleo_bus.o
                0x240005f8                hi2c1
 .bss.I2C1InitCounter
                0x2400064c        0x4 ./Core/Src/stm32h7xx_nucleo_bus.o
 .bss.__sbrk_heap_end
                0x24000650        0x4 ./Core/Src/sysmem.o
 .bss.thresholds.1
                0x24000654      0x300 ./Drivers/BSP/Components/vl53l5cx/vl53l5cx.o
 .bss.data.0    0x24000954      0x550 ./Drivers/BSP/Components/vl53l5cx/vl53l5cx.o
 .bss.hpb_exti  0x24000ea4        0x8 ./Drivers/BSP/STM32H7xx_Nucleo/stm32h7xx_nucleo.o
                0x24000ea4                hpb_exti
 .bss.hcom_uart
                0x24000eac       0x94 ./Drivers/BSP/STM32H7xx_Nucleo/stm32h7xx_nucleo.o
                0x24000eac                hcom_uart
 .bss.COM_ActiveLogPort
                0x24000f40        0x1 ./Drivers/BSP/STM32H7xx_Nucleo/stm32h7xx_nucleo.o
 *fill*         0x24000f41        0x3 
 .bss.uwTick    0x24000f44        0x4 ./Drivers/STM32H7xx_HAL_Driver/Src/stm32h7xx_hal.o
                0x24000f44                uwTick
 .bss.CUSTOM_RANGING_CompObj
                0x24000f48        0x4 ./X-CUBE-TOF1/Target/custom_ranging_sensor.o
                0x24000f48                CUSTOM_RANGING_CompObj
 .bss.CUSTOM_RANGING_Drv
                0x24000f4c        0x4 ./X-CUBE-TOF1/Target/custom_ranging_sensor.o
 .bss.RANGING_SENSOR_Cap
                0x24000f50       0x10 ./X-CUBE-TOF1/Target/custom_ranging_sensor.o
 .bss.VL53L5CXObj.0
                0x24000f60      0xae0 ./X-CUBE-TOF1/Target/custom_ranging_sensor.o
 .bss.__sf      0x24001a40      0x138 C:/ST/STM32CubeIDE_1.18.1/STM32CubeIDE/plugins/com.st.stm32cube.ide.mcu.externaltools.gnu-tools-for-stm32.13.3.rel1.win32_1.0.0.202411081344/tools/bin/../lib/gcc/arm-none-eabi/13.3.1/../../../../arm-none-eabi/lib/thumb/v7e-m+dp/hard\libc_nano.a(libc_a-findfp.o)
                0x24001a40                __sf
 .bss.__stdio_exit_handler
                0x24001b78        0x4 C:/ST/STM32CubeIDE_1.18.1/STM32CubeIDE/plugins/com.st.stm32cube.ide.mcu.externaltools.gnu-tools-for-stm32.13.3.rel1.win32_1.0.0.202411081344/tools/bin/../lib/gcc/arm-none-eabi/13.3.1/../../../../arm-none-eabi/lib/thumb/v7e-m+dp/hard\libc_nano.a(libc_a-findfp.o)
                0x24001b78                __stdio_exit_handler
 .bss.errno     0x24001b7c        0x4 C:/ST/STM32CubeIDE_1.18.1/STM32CubeIDE/plugins/com.st.stm32cube.ide.mcu.externaltools.gnu-tools-for-stm32.13.3.rel1.win32_1.0.0.202411081344/tools/bin/../lib/gcc/arm-none-eabi/13.3.1/../../../../arm-none-eabi/lib/thumb/v7e-m+dp/hard\libc_nano.a(libc_a-reent.o)
                0x24001b7c                errno
 .bss.__lock___malloc_recursive_mutex
                0x24001b80        0x1 C:/ST/STM32CubeIDE_1.18.1/STM32CubeIDE/plugins/com.st.stm32cube.ide.mcu.externaltools.gnu-tools-for-stm32.13.3.rel1.win32_1.0.0.202411081344/tools/bin/../lib/gcc/arm-none-eabi/13.3.1/../../../../arm-none-eabi/lib/thumb/v7e-m+dp/hard\libc_nano.a(libc_a-lock.o)
                0x24001b80                __lock___malloc_recursive_mutex
 .bss.__lock___sfp_recursive_mutex
                0x24001b81        0x1 C:/ST/STM32CubeIDE_1.18.1/STM32CubeIDE/plugins/com.st.stm32cube.ide.mcu.externaltools.gnu-tools-for-stm32.13.3.rel1.win32_1.0.0.202411081344/tools/bin/../lib/gcc/arm-none-eabi/13.3.1/../../../../arm-none-eabi/lib/thumb/v7e-m+dp/hard\libc_nano.a(libc_a-lock.o)
                0x24001b81                __lock___sfp_recursive_mutex
 *fill*         0x24001b82        0x2 
 .bss.__malloc_sbrk_start
                0x24001b84        0x4 C:/ST/STM32CubeIDE_1.18.1/STM32CubeIDE/plugins/com.st.stm32cube.ide.mcu.externaltools.gnu-tools-for-stm32.13.3.rel1.win32_1.0.0.202411081344/tools/bin/../lib/gcc/arm-none-eabi/13.3.1/../../../../arm-none-eabi/lib/thumb/v7e-m+dp/hard\libc_nano.a(libc_a-mallocr.o)
                0x24001b84                __malloc_sbrk_start
 .bss.__malloc_free_list
                0x24001b88        0x4 C:/ST/STM32CubeIDE_1.18.1/STM32CubeIDE/plugins/com.st.stm32cube.ide.mcu.externaltools.gnu-tools-for-stm32.13.3.rel1.win32_1.0.0.202411081344/tools/bin/../lib/gcc/arm-none-eabi/13.3.1/../../../../arm-none-eabi/lib/thumb/v7e-m+dp/hard\libc_nano.a(libc_a-mallocr.o)
                0x24001b88                __malloc_free_list
 *(COMMON)
                0x24001b8c                        . = ALIGN (0x4)
                0x24001b8c                        _ebss = .
                0x24001b8c                        __bss_end__ = _ebss

._user_heap_stack
                0x24001b8c      0x604 load address 0x0802137c
                0x24001b90                        . = ALIGN (0x8)
 *fill*         0x24001b8c        0x4 
                [!provide]                        PROVIDE (end = .)
                0x24001b90                        PROVIDE (_end = .)
                0x24001d90                        . = (. + _Min_Heap_Size)
 *fill*         0x24001b90      0x200 
                0x24002190                        . = (. + _Min_Stack_Size)
 *fill*         0x24001d90      0x400 
                0x24002190                        . = ALIGN (0x8)

/DISCARD/
 libc.a(*)
 libm.a(*)
 libgcc.a(*)

.ARM.attributes
                0x00000000       0x2e
 *(.ARM.attributes)
 .ARM.attributes
                0x00000000       0x20 C:/ST/STM32CubeIDE_1.18.1/STM32CubeIDE/plugins/com.st.stm32cube.ide.mcu.externaltools.gnu-tools-for-stm32.13.3.rel1.win32_1.0.0.202411081344/tools/bin/../lib/gcc/arm-none-eabi/13.3.1/thumb/v7e-m+dp/hard/crti.o
 .ARM.attributes
                0x00000020       0x32 C:/ST/STM32CubeIDE_1.18.1/STM32CubeIDE/plugins/com.st.stm32cube.ide.mcu.externaltools.gnu-tools-for-stm32.13.3.rel1.win32_1.0.0.202411081344/tools/bin/../lib/gcc/arm-none-eabi/13.3.1/thumb/v7e-m+dp/hard/crtbegin.o
 .ARM.attributes
                0x00000052       0x32 ./Core/Src/VL53L5CX_LIB.o
 .ARM.attributes
                0x00000084       0x32 ./Core/Src/main.o
 .ARM.attributes
                0x000000b6       0x32 ./Core/Src/stm32h7xx_hal_msp.o
 .ARM.attributes
                0x000000e8       0x32 ./Core/Src/stm32h7xx_it.o
 .ARM.attributes
                0x0000011a       0x32 ./Core/Src/stm32h7xx_nucleo_bus.o
 .ARM.attributes
                0x0000014c       0x32 ./Core/Src/syscalls.o
 .ARM.attributes
                0x0000017e       0x32 ./Core/Src/sysmem.o
 .ARM.attributes
                0x000001b0       0x32 ./Core/Src/system_stm32h7xx.o
 .ARM.attributes
                0x000001e2       0x21 ./Core/Startup/startup_stm32h753zitx.o
 .ARM.attributes
                0x00000203       0x32 ./Drivers/BSP/Components/vl53l5cx/modules/vl53l5cx_api.o
 .ARM.attributes
                0x00000235       0x32 ./Drivers/BSP/Components/vl53l5cx/modules/vl53l5cx_plugin_detection_thresholds.o
 .ARM.attributes
                0x00000267       0x32 ./Drivers/BSP/Components/vl53l5cx/porting/platform.o
 .ARM.attributes
                0x00000299       0x32 ./Drivers/BSP/Components/vl53l5cx/vl53l5cx.o
 .ARM.attributes
                0x000002cb       0x32 ./Drivers/BSP/STM32H7xx_Nucleo/stm32h7xx_nucleo.o
 .ARM.attributes
                0x000002fd       0x32 ./Drivers/STM32H7xx_HAL_Driver/Src/stm32h7xx_hal.o
 .ARM.attributes
                0x0000032f       0x32 ./Drivers/STM32H7xx_HAL_Driver/Src/stm32h7xx_hal_cortex.o
 .ARM.attributes
                0x00000361       0x32 ./Drivers/STM32H7xx_HAL_Driver/Src/stm32h7xx_hal_exti.o
 .ARM.attributes
                0x00000393       0x32 ./Drivers/STM32H7xx_HAL_Driver/Src/stm32h7xx_hal_gpio.o
 .ARM.attributes
                0x000003c5       0x32 ./Drivers/STM32H7xx_HAL_Driver/Src/stm32h7xx_hal_i2c.o
 .ARM.attributes
                0x000003f7       0x32 ./Drivers/STM32H7xx_HAL_Driver/Src/stm32h7xx_hal_i2c_ex.o
 .ARM.attributes
                0x00000429       0x32 ./Drivers/STM32H7xx_HAL_Driver/Src/stm32h7xx_hal_pwr_ex.o
 .ARM.attributes
                0x0000045b       0x32 ./Drivers/STM32H7xx_HAL_Driver/Src/stm32h7xx_hal_rcc.o
 .ARM.attributes
                0x0000048d       0x32 ./Drivers/STM32H7xx_HAL_Driver/Src/stm32h7xx_hal_rcc_ex.o
 .ARM.attributes
                0x000004bf       0x32 ./Drivers/STM32H7xx_HAL_Driver/Src/stm32h7xx_hal_uart.o
 .ARM.attributes
                0x000004f1       0x32 ./X-CUBE-TOF1/Target/custom_ranging_sensor.o
 .ARM.attributes
                0x00000523       0x32 C:/ST/STM32CubeIDE_1.18.1/STM32CubeIDE/plugins/com.st.stm32cube.ide.mcu.externaltools.gnu-tools-for-stm32.13.3.rel1.win32_1.0.0.202411081344/tools/bin/../lib/gcc/arm-none-eabi/13.3.1/../../../../arm-none-eabi/lib/thumb/v7e-m+dp/hard\libc_nano.a(libc_a-findfp.o)
 .ARM.attributes
                0x00000555       0x32 C:/ST/STM32CubeIDE_1.18.1/STM32CubeIDE/plugins/com.st.stm32cube.ide.mcu.externaltools.gnu-tools-for-stm32.13.3.rel1.win32_1.0.0.202411081344/tools/bin/../lib/gcc/arm-none-eabi/13.3.1/../../../../arm-none-eabi/lib/thumb/v7e-m+dp/hard\libc_nano.a(libc_a-fwalk.o)
 .ARM.attributes
                0x00000587       0x32 C:/ST/STM32CubeIDE_1.18.1/STM32CubeIDE/plugins/com.st.stm32cube.ide.mcu.externaltools.gnu-tools-for-stm32.13.3.rel1.win32_1.0.0.202411081344/tools/bin/../lib/gcc/arm-none-eabi/13.3.1/../../../../arm-none-eabi/lib/thumb/v7e-m+dp/hard\libc_nano.a(libc_a-printf.o)
 .ARM.attributes
                0x000005b9       0x32 C:/ST/STM32CubeIDE_1.18.1/STM32CubeIDE/plugins/com.st.stm32cube.ide.mcu.externaltools.gnu-tools-for-stm32.13.3.rel1.win32_1.0.0.202411081344/tools/bin/../lib/gcc/arm-none-eabi/13.3.1/../../../../arm-none-eabi/lib/thumb/v7e-m+dp/hard\libc_nano.a(libc_a-puts.o)
 .ARM.attributes
                0x000005eb       0x32 C:/ST/STM32CubeIDE_1.18.1/STM32CubeIDE/plugins/com.st.stm32cube.ide.mcu.externaltools.gnu-tools-for-stm32.13.3.rel1.win32_1.0.0.202411081344/tools/bin/../lib/gcc/arm-none-eabi/13.3.1/../../../../arm-none-eabi/lib/thumb/v7e-m+dp/hard\libc_nano.a(libc_a-stdio.o)
 .ARM.attributes
                0x0000061d       0x32 C:/ST/STM32CubeIDE_1.18.1/STM32CubeIDE/plugins/com.st.stm32cube.ide.mcu.externaltools.gnu-tools-for-stm32.13.3.rel1.win32_1.0.0.202411081344/tools/bin/../lib/gcc/arm-none-eabi/13.3.1/../../../../arm-none-eabi/lib/thumb/v7e-m+dp/hard\libc_nano.a(libc_a-wbuf.o)
 .ARM.attributes
                0x0000064f       0x32 C:/ST/STM32CubeIDE_1.18.1/STM32CubeIDE/plugins/com.st.stm32cube.ide.mcu.externaltools.gnu-tools-for-stm32.13.3.rel1.win32_1.0.0.202411081344/tools/bin/../lib/gcc/arm-none-eabi/13.3.1/../../../../arm-none-eabi/lib/thumb/v7e-m+dp/hard\libc_nano.a(libc_a-wsetup.o)
 .ARM.attributes
                0x00000681       0x32 C:/ST/STM32CubeIDE_1.18.1/STM32CubeIDE/plugins/com.st.stm32cube.ide.mcu.externaltools.gnu-tools-for-stm32.13.3.rel1.win32_1.0.0.202411081344/tools/bin/../lib/gcc/arm-none-eabi/13.3.1/../../../../arm-none-eabi/lib/thumb/v7e-m+dp/hard\libc_nano.a(libc_a-memset.o)
 .ARM.attributes
                0x000006b3       0x32 C:/ST/STM32CubeIDE_1.18.1/STM32CubeIDE/plugins/com.st.stm32cube.ide.mcu.externaltools.gnu-tools-for-stm32.13.3.rel1.win32_1.0.0.202411081344/tools/bin/../lib/gcc/arm-none-eabi/13.3.1/../../../../arm-none-eabi/lib/thumb/v7e-m+dp/hard\libc_nano.a(libc_a-closer.o)
 .ARM.attributes
                0x000006e5       0x32 C:/ST/STM32CubeIDE_1.18.1/STM32CubeIDE/plugins/com.st.stm32cube.ide.mcu.externaltools.gnu-tools-for-stm32.13.3.rel1.win32_1.0.0.202411081344/tools/bin/../lib/gcc/arm-none-eabi/13.3.1/../../../../arm-none-eabi/lib/thumb/v7e-m+dp/hard\libc_nano.a(libc_a-reent.o)
 .ARM.attributes
                0x00000717       0x32 C:/ST/STM32CubeIDE_1.18.1/STM32CubeIDE/plugins/com.st.stm32cube.ide.mcu.externaltools.gnu-tools-for-stm32.13.3.rel1.win32_1.0.0.202411081344/tools/bin/../lib/gcc/arm-none-eabi/13.3.1/../../../../arm-none-eabi/lib/thumb/v7e-m+dp/hard\libc_nano.a(libc_a-impure.o)
 .ARM.attributes
                0x00000749       0x32 C:/ST/STM32CubeIDE_1.18.1/STM32CubeIDE/plugins/com.st.stm32cube.ide.mcu.externaltools.gnu-tools-for-stm32.13.3.rel1.win32_1.0.0.202411081344/tools/bin/../lib/gcc/arm-none-eabi/13.3.1/../../../../arm-none-eabi/lib/thumb/v7e-m+dp/hard\libc_nano.a(libc_a-lseekr.o)
 .ARM.attributes
                0x0000077b       0x32 C:/ST/STM32CubeIDE_1.18.1/STM32CubeIDE/plugins/com.st.stm32cube.ide.mcu.externaltools.gnu-tools-for-stm32.13.3.rel1.win32_1.0.0.202411081344/tools/bin/../lib/gcc/arm-none-eabi/13.3.1/../../../../arm-none-eabi/lib/thumb/v7e-m+dp/hard\libc_nano.a(libc_a-readr.o)
 .ARM.attributes
                0x000007ad       0x32 C:/ST/STM32CubeIDE_1.18.1/STM32CubeIDE/plugins/com.st.stm32cube.ide.mcu.externaltools.gnu-tools-for-stm32.13.3.rel1.win32_1.0.0.202411081344/tools/bin/../lib/gcc/arm-none-eabi/13.3.1/../../../../arm-none-eabi/lib/thumb/v7e-m+dp/hard\libc_nano.a(libc_a-writer.o)
 .ARM.attributes
                0x000007df       0x32 C:/ST/STM32CubeIDE_1.18.1/STM32CubeIDE/plugins/com.st.stm32cube.ide.mcu.externaltools.gnu-tools-for-stm32.13.3.rel1.win32_1.0.0.202411081344/tools/bin/../lib/gcc/arm-none-eabi/13.3.1/../../../../arm-none-eabi/lib/thumb/v7e-m+dp/hard\libc_nano.a(libc_a-errno.o)
 .ARM.attributes
                0x00000811       0x32 C:/ST/STM32CubeIDE_1.18.1/STM32CubeIDE/plugins/com.st.stm32cube.ide.mcu.externaltools.gnu-tools-for-stm32.13.3.rel1.win32_1.0.0.202411081344/tools/bin/../lib/gcc/arm-none-eabi/13.3.1/../../../../arm-none-eabi/lib/thumb/v7e-m+dp/hard\libc_nano.a(libc_a-init.o)
 .ARM.attributes
                0x00000843       0x32 C:/ST/STM32CubeIDE_1.18.1/STM32CubeIDE/plugins/com.st.stm32cube.ide.mcu.externaltools.gnu-tools-for-stm32.13.3.rel1.win32_1.0.0.202411081344/tools/bin/../lib/gcc/arm-none-eabi/13.3.1/../../../../arm-none-eabi/lib/thumb/v7e-m+dp/hard\libc_nano.a(libc_a-lock.o)
 .ARM.attributes
                0x00000875       0x32 C:/ST/STM32CubeIDE_1.18.1/STM32CubeIDE/plugins/com.st.stm32cube.ide.mcu.externaltools.gnu-tools-for-stm32.13.3.rel1.win32_1.0.0.202411081344/tools/bin/../lib/gcc/arm-none-eabi/13.3.1/../../../../arm-none-eabi/lib/thumb/v7e-m+dp/hard\libc_nano.a(libc_a-memcpy-stub.o)
 .ARM.attributes
                0x000008a7       0x32 C:/ST/STM32CubeIDE_1.18.1/STM32CubeIDE/plugins/com.st.stm32cube.ide.mcu.externaltools.gnu-tools-for-stm32.13.3.rel1.win32_1.0.0.202411081344/tools/bin/../lib/gcc/arm-none-eabi/13.3.1/../../../../arm-none-eabi/lib/thumb/v7e-m+dp/hard\libc_nano.a(libc_a-freer.o)
 .ARM.attributes
                0x000008d9       0x32 C:/ST/STM32CubeIDE_1.18.1/STM32CubeIDE/plugins/com.st.stm32cube.ide.mcu.externaltools.gnu-tools-for-stm32.13.3.rel1.win32_1.0.0.202411081344/tools/bin/../lib/gcc/arm-none-eabi/13.3.1/../../../../arm-none-eabi/lib/thumb/v7e-m+dp/hard\libc_nano.a(libc_a-mallocr.o)
 .ARM.attributes
                0x0000090b       0x32 C:/ST/STM32CubeIDE_1.18.1/STM32CubeIDE/plugins/com.st.stm32cube.ide.mcu.externaltools.gnu-tools-for-stm32.13.3.rel1.win32_1.0.0.202411081344/tools/bin/../lib/gcc/arm-none-eabi/13.3.1/../../../../arm-none-eabi/lib/thumb/v7e-m+dp/hard\libc_nano.a(libc_a-mlock.o)
 .ARM.attributes
                0x0000093d       0x32 C:/ST/STM32CubeIDE_1.18.1/STM32CubeIDE/plugins/com.st.stm32cube.ide.mcu.externaltools.gnu-tools-for-stm32.13.3.rel1.win32_1.0.0.202411081344/tools/bin/../lib/gcc/arm-none-eabi/13.3.1/../../../../arm-none-eabi/lib/thumb/v7e-m+dp/hard\libc_nano.a(libc_a-nano-vfprintf.o)
 .ARM.attributes
                0x0000096f       0x32 C:/ST/STM32CubeIDE_1.18.1/STM32CubeIDE/plugins/com.st.stm32cube.ide.mcu.externaltools.gnu-tools-for-stm32.13.3.rel1.win32_1.0.0.202411081344/tools/bin/../lib/gcc/arm-none-eabi/13.3.1/../../../../arm-none-eabi/lib/thumb/v7e-m+dp/hard\libc_nano.a(libc_a-nano-vfprintf_i.o)
 .ARM.attributes
                0x000009a1       0x32 C:/ST/STM32CubeIDE_1.18.1/STM32CubeIDE/plugins/com.st.stm32cube.ide.mcu.externaltools.gnu-tools-for-stm32.13.3.rel1.win32_1.0.0.202411081344/tools/bin/../lib/gcc/arm-none-eabi/13.3.1/../../../../arm-none-eabi/lib/thumb/v7e-m+dp/hard\libc_nano.a(libc_a-fflush.o)
 .ARM.attributes
                0x000009d3       0x32 C:/ST/STM32CubeIDE_1.18.1/STM32CubeIDE/plugins/com.st.stm32cube.ide.mcu.externaltools.gnu-tools-for-stm32.13.3.rel1.win32_1.0.0.202411081344/tools/bin/../lib/gcc/arm-none-eabi/13.3.1/../../../../arm-none-eabi/lib/thumb/v7e-m+dp/hard\libc_nano.a(libc_a-makebuf.o)
 .ARM.attributes
                0x00000a05       0x32 C:/ST/STM32CubeIDE_1.18.1/STM32CubeIDE/plugins/com.st.stm32cube.ide.mcu.externaltools.gnu-tools-for-stm32.13.3.rel1.win32_1.0.0.202411081344/tools/bin/../lib/gcc/arm-none-eabi/13.3.1/../../../../arm-none-eabi/lib/thumb/v7e-m+dp/hard\libc_nano.a(libc_a-fstatr.o)
 .ARM.attributes
                0x00000a37       0x32 C:/ST/STM32CubeIDE_1.18.1/STM32CubeIDE/plugins/com.st.stm32cube.ide.mcu.externaltools.gnu-tools-for-stm32.13.3.rel1.win32_1.0.0.202411081344/tools/bin/../lib/gcc/arm-none-eabi/13.3.1/../../../../arm-none-eabi/lib/thumb/v7e-m+dp/hard\libc_nano.a(libc_a-isattyr.o)
 .ARM.attributes
                0x00000a69       0x32 C:/ST/STM32CubeIDE_1.18.1/STM32CubeIDE/plugins/com.st.stm32cube.ide.mcu.externaltools.gnu-tools-for-stm32.13.3.rel1.win32_1.0.0.202411081344/tools/bin/../lib/gcc/arm-none-eabi/13.3.1/../../../../arm-none-eabi/lib/thumb/v7e-m+dp/hard\libc_nano.a(libc_a-sbrkr.o)
 .ARM.attributes
                0x00000a9b       0x1c C:/ST/STM32CubeIDE_1.18.1/STM32CubeIDE/plugins/com.st.stm32cube.ide.mcu.externaltools.gnu-tools-for-stm32.13.3.rel1.win32_1.0.0.202411081344/tools/bin/../lib/gcc/arm-none-eabi/13.3.1/../../../../arm-none-eabi/lib/thumb/v7e-m+dp/hard\libc_nano.a(libc_a-memchr.o)
 .ARM.attributes
                0x00000ab7       0x20 C:/ST/STM32CubeIDE_1.18.1/STM32CubeIDE/plugins/com.st.stm32cube.ide.mcu.externaltools.gnu-tools-for-stm32.13.3.rel1.win32_1.0.0.202411081344/tools/bin/../lib/gcc/arm-none-eabi/13.3.1/thumb/v7e-m+dp/hard\libgcc.a(_aeabi_uldivmod.o)
 .ARM.attributes
                0x00000ad7       0x32 C:/ST/STM32CubeIDE_1.18.1/STM32CubeIDE/plugins/com.st.stm32cube.ide.mcu.externaltools.gnu-tools-for-stm32.13.3.rel1.win32_1.0.0.202411081344/tools/bin/../lib/gcc/arm-none-eabi/13.3.1/thumb/v7e-m+dp/hard\libgcc.a(_udivmoddi4.o)
 .ARM.attributes
                0x00000b09       0x20 C:/ST/STM32CubeIDE_1.18.1/STM32CubeIDE/plugins/com.st.stm32cube.ide.mcu.externaltools.gnu-tools-for-stm32.13.3.rel1.win32_1.0.0.202411081344/tools/bin/../lib/gcc/arm-none-eabi/13.3.1/thumb/v7e-m+dp/hard\libgcc.a(_dvmd_tls.o)
 .ARM.attributes
                0x00000b29       0x20 C:/ST/STM32CubeIDE_1.18.1/STM32CubeIDE/plugins/com.st.stm32cube.ide.mcu.externaltools.gnu-tools-for-stm32.13.3.rel1.win32_1.0.0.202411081344/tools/bin/../lib/gcc/arm-none-eabi/13.3.1/thumb/v7e-m+dp/hard/crtn.o
OUTPUT(LiDar_Test2.elf elf32-littlearm)
LOAD linker stubs
LOAD C:/ST/STM32CubeIDE_1.18.1/STM32CubeIDE/plugins/com.st.stm32cube.ide.mcu.externaltools.gnu-tools-for-stm32.13.3.rel1.win32_1.0.0.202411081344/tools/bin/../lib/gcc/arm-none-eabi/13.3.1/../../../../arm-none-eabi/lib/thumb/v7e-m+dp/hard\libc.a
LOAD C:/ST/STM32CubeIDE_1.18.1/STM32CubeIDE/plugins/com.st.stm32cube.ide.mcu.externaltools.gnu-tools-for-stm32.13.3.rel1.win32_1.0.0.202411081344/tools/bin/../lib/gcc/arm-none-eabi/13.3.1/../../../../arm-none-eabi/lib/thumb/v7e-m+dp/hard\libm.a
LOAD C:/ST/STM32CubeIDE_1.18.1/STM32CubeIDE/plugins/com.st.stm32cube.ide.mcu.externaltools.gnu-tools-for-stm32.13.3.rel1.win32_1.0.0.202411081344/tools/bin/../lib/gcc/arm-none-eabi/13.3.1/thumb/v7e-m+dp/hard\libgcc.a

.debug_info     0x00000000    0x19c3b
 .debug_info    0x00000000     0x12ab ./Core/Src/VL53L5CX_LIB.o
 .debug_info    0x000012ab     0x1ab3 ./Core/Src/main.o
 .debug_info    0x00002d5e      0x464 ./Core/Src/stm32h7xx_hal_msp.o
 .debug_info    0x000031c2      0x170 ./Core/Src/stm32h7xx_it.o
 .debug_info    0x00003332     0x1463 ./Core/Src/stm32h7xx_nucleo_bus.o
 .debug_info    0x00004795      0x6a3 ./Core/Src/syscalls.o
 .debug_info    0x00004e38      0x168 ./Core/Src/sysmem.o
 .debug_info    0x00004fa0      0xdb2 ./Core/Src/system_stm32h7xx.o
 .debug_info    0x00005d52       0x30 ./Core/Startup/startup_stm32h753zitx.o
 .debug_info    0x00005d82     0x128b ./Drivers/BSP/Components/vl53l5cx/modules/vl53l5cx_api.o
 .debug_info    0x0000700d      0x493 ./Drivers/BSP/Components/vl53l5cx/modules/vl53l5cx_plugin_detection_thresholds.o
 .debug_info    0x000074a0      0x335 ./Drivers/BSP/Components/vl53l5cx/porting/platform.o
 .debug_info    0x000077d5     0x1199 ./Drivers/BSP/Components/vl53l5cx/vl53l5cx.o
 .debug_info    0x0000896e     0x1a82 ./Drivers/BSP/STM32H7xx_Nucleo/stm32h7xx_nucleo.o
 .debug_info    0x0000a3f0     0x1541 ./Drivers/STM32H7xx_HAL_Driver/Src/stm32h7xx_hal.o
 .debug_info    0x0000b931     0x10b7 ./Drivers/STM32H7xx_HAL_Driver/Src/stm32h7xx_hal_cortex.o
 .debug_info    0x0000c9e8      0x916 ./Drivers/STM32H7xx_HAL_Driver/Src/stm32h7xx_hal_exti.o
 .debug_info    0x0000d2fe      0xc5a ./Drivers/STM32H7xx_HAL_Driver/Src/stm32h7xx_hal_gpio.o
 .debug_info    0x0000df58     0x22c9 ./Drivers/STM32H7xx_HAL_Driver/Src/stm32h7xx_hal_i2c.o
 .debug_info    0x00010221      0xd84 ./Drivers/STM32H7xx_HAL_Driver/Src/stm32h7xx_hal_i2c_ex.o